
*** Running vivado
    with args -log Full_Adder.vdi -applog -m64 -product Vivado -messageDb vivado.pb -mode batch -source Full_Adder.tcl -notrace



****** Vivado v2024.2 (64-bit)
  **** SW Build 5239630 on Fri Nov 08 22:35:27 MST 2024
  **** IP Build 5239520 on Sun Nov 10 16:12:51 MST 2024
  **** SharedData Build 5239561 on Fri Nov 08 14:39:27 MST 2024
  **** Start of session at: Fri May 16 01:23:08 2025
    ** Copyright 1986-2022 Xilinx, Inc. All Rights Reserved.
    ** Copyright 2022-2024 Advanced Micro Devices, Inc. All Rights Reserved.

source Full_Adder.tcl -notrace
create_project: Time (s): cpu = 00:00:05 ; elapsed = 00:00:08 . Memory (MB): peak = 329.684 ; gain = 43.867
Command: link_design -top Full_Adder -part xc7a200tfbg676-2
Design is defaulting to srcset: sources_1
Design is defaulting to constrset: constrs_1
INFO: [Device 21-403] Loading part xc7a200tfbg676-2
Netlist sorting complete. Time (s): cpu = 00:00:00 ; elapsed = 00:00:00.001 . Memory (MB): peak = 574.762 ; gain = 0.000
INFO: [Project 1-479] Netlist was created with Vivado 2024.2
INFO: [Project 1-570] Preparing netlist for logic optimization
Parsing XDC File [C:/Users/exone/Documents/GitHub/Hardware-Engineering-Lab/Vivado projects/project_1_Full_Adder/project_1_Full_Adder.srcs/constrs_1/imports/constraints/Nexys-A7-100T-Master.xdc]
WARNING: [Vivado 12-584] No ports matched 'CLK100MHZ'. [C:/Users/exone/Documents/GitHub/Hardware-Engineering-Lab/Vivado projects/project_1_Full_Adder/project_1_Full_Adder.srcs/constrs_1/imports/constraints/Nexys-A7-100T-Master.xdc:7]
CRITICAL WARNING: [Common 17-55] 'set_property' expects at least one object. [C:/Users/exone/Documents/GitHub/Hardware-Engineering-Lab/Vivado projects/project_1_Full_Adder/project_1_Full_Adder.srcs/constrs_1/imports/constraints/Nexys-A7-100T-Master.xdc:7]
Resolution: If [get_<value>] was used to populate the object, check to make sure this command returns at least one valid object.
WARNING: [Vivado 12-584] No ports matched 'CLK100MHZ'. [C:/Users/exone/Documents/GitHub/Hardware-Engineering-Lab/Vivado projects/project_1_Full_Adder/project_1_Full_Adder.srcs/constrs_1/imports/constraints/Nexys-A7-100T-Master.xdc:8]
CRITICAL WARNING: [Vivado 12-4739] create_clock:No valid object(s) found for '-objects [get_ports CLK100MHZ]'. [C:/Users/exone/Documents/GitHub/Hardware-Engineering-Lab/Vivado projects/project_1_Full_Adder/project_1_Full_Adder.srcs/constrs_1/imports/constraints/Nexys-A7-100T-Master.xdc:8]
Resolution: Check if the specified object(s) exists in the current design. If it does, ensure that the correct design hierarchy was specified for the object. If you are working with clocks, make sure create_clock was used to create the clock object before it is referenced.
WARNING: [Vivado 12-584] No ports matched 'sw[0]'. [C:/Users/exone/Documents/GitHub/Hardware-Engineering-Lab/Vivado projects/project_1_Full_Adder/project_1_Full_Adder.srcs/constrs_1/imports/constraints/Nexys-A7-100T-Master.xdc:13]
CRITICAL WARNING: [Common 17-55] 'set_property' expects at least one object. [C:/Users/exone/Documents/GitHub/Hardware-Engineering-Lab/Vivado projects/project_1_Full_Adder/project_1_Full_Adder.srcs/constrs_1/imports/constraints/Nexys-A7-100T-Master.xdc:13]
Resolution: If [get_<value>] was used to populate the object, check to make sure this command returns at least one valid object.
WARNING: [Vivado 12-584] No ports matched 'sw[1]'. [C:/Users/exone/Documents/GitHub/Hardware-Engineering-Lab/Vivado projects/project_1_Full_Adder/project_1_Full_Adder.srcs/constrs_1/imports/constraints/Nexys-A7-100T-Master.xdc:14]
CRITICAL WARNING: [Common 17-55] 'set_property' expects at least one object. [C:/Users/exone/Documents/GitHub/Hardware-Engineering-Lab/Vivado projects/project_1_Full_Adder/project_1_Full_Adder.srcs/constrs_1/imports/constraints/Nexys-A7-100T-Master.xdc:14]
Resolution: If [get_<value>] was used to populate the object, check to make sure this command returns at least one valid object.
WARNING: [Vivado 12-584] No ports matched 'LED[0]'. [C:/Users/exone/Documents/GitHub/Hardware-Engineering-Lab/Vivado projects/project_1_Full_Adder/project_1_Full_Adder.srcs/constrs_1/imports/constraints/Nexys-A7-100T-Master.xdc:33]
CRITICAL WARNING: [Common 17-55] 'set_property' expects at least one object. [C:/Users/exone/Documents/GitHub/Hardware-Engineering-Lab/Vivado projects/project_1_Full_Adder/project_1_Full_Adder.srcs/constrs_1/imports/constraints/Nexys-A7-100T-Master.xdc:33]
Resolution: If [get_<value>] was used to populate the object, check to make sure this command returns at least one valid object.
WARNING: [Vivado 12-584] No ports matched 'LED[1]'. [C:/Users/exone/Documents/GitHub/Hardware-Engineering-Lab/Vivado projects/project_1_Full_Adder/project_1_Full_Adder.srcs/constrs_1/imports/constraints/Nexys-A7-100T-Master.xdc:34]
CRITICAL WARNING: [Common 17-55] 'set_property' expects at least one object. [C:/Users/exone/Documents/GitHub/Hardware-Engineering-Lab/Vivado projects/project_1_Full_Adder/project_1_Full_Adder.srcs/constrs_1/imports/constraints/Nexys-A7-100T-Master.xdc:34]
Resolution: If [get_<value>] was used to populate the object, check to make sure this command returns at least one valid object.
WARNING: [Vivado 12-584] No ports matched 'LED[2]'. [C:/Users/exone/Documents/GitHub/Hardware-Engineering-Lab/Vivado projects/project_1_Full_Adder/project_1_Full_Adder.srcs/constrs_1/imports/constraints/Nexys-A7-100T-Master.xdc:35]
CRITICAL WARNING: [Common 17-55] 'set_property' expects at least one object. [C:/Users/exone/Documents/GitHub/Hardware-Engineering-Lab/Vivado projects/project_1_Full_Adder/project_1_Full_Adder.srcs/constrs_1/imports/constraints/Nexys-A7-100T-Master.xdc:35]
Resolution: If [get_<value>] was used to populate the object, check to make sure this command returns at least one valid object.
WARNING: [Vivado 12-584] No ports matched 'LED[3]'. [C:/Users/exone/Documents/GitHub/Hardware-Engineering-Lab/Vivado projects/project_1_Full_Adder/project_1_Full_Adder.srcs/constrs_1/imports/constraints/Nexys-A7-100T-Master.xdc:36]
CRITICAL WARNING: [Common 17-55] 'set_property' expects at least one object. [C:/Users/exone/Documents/GitHub/Hardware-Engineering-Lab/Vivado projects/project_1_Full_Adder/project_1_Full_Adder.srcs/constrs_1/imports/constraints/Nexys-A7-100T-Master.xdc:36]
Resolution: If [get_<value>] was used to populate the object, check to make sure this command returns at least one valid object.
WARNING: [Vivado 12-584] No ports matched 'LED[4]'. [C:/Users/exone/Documents/GitHub/Hardware-Engineering-Lab/Vivado projects/project_1_Full_Adder/project_1_Full_Adder.srcs/constrs_1/imports/constraints/Nexys-A7-100T-Master.xdc:37]
CRITICAL WARNING: [Common 17-55] 'set_property' expects at least one object. [C:/Users/exone/Documents/GitHub/Hardware-Engineering-Lab/Vivado projects/project_1_Full_Adder/project_1_Full_Adder.srcs/constrs_1/imports/constraints/Nexys-A7-100T-Master.xdc:37]
Resolution: If [get_<value>] was used to populate the object, check to make sure this command returns at least one valid object.
WARNING: [Vivado 12-584] No ports matched 'LED[5]'. [C:/Users/exone/Documents/GitHub/Hardware-Engineering-Lab/Vivado projects/project_1_Full_Adder/project_1_Full_Adder.srcs/constrs_1/imports/constraints/Nexys-A7-100T-Master.xdc:38]
CRITICAL WARNING: [Common 17-55] 'set_property' expects at least one object. [C:/Users/exone/Documents/GitHub/Hardware-Engineering-Lab/Vivado projects/project_1_Full_Adder/project_1_Full_Adder.srcs/constrs_1/imports/constraints/Nexys-A7-100T-Master.xdc:38]
Resolution: If [get_<value>] was used to populate the object, check to make sure this command returns at least one valid object.
WARNING: [Vivado 12-584] No ports matched 'LED[6]'. [C:/Users/exone/Documents/GitHub/Hardware-Engineering-Lab/Vivado projects/project_1_Full_Adder/project_1_Full_Adder.srcs/constrs_1/imports/constraints/Nexys-A7-100T-Master.xdc:39]
CRITICAL WARNING: [Common 17-55] 'set_property' expects at least one object. [C:/Users/exone/Documents/GitHub/Hardware-Engineering-Lab/Vivado projects/project_1_Full_Adder/project_1_Full_Adder.srcs/constrs_1/imports/constraints/Nexys-A7-100T-Master.xdc:39]
Resolution: If [get_<value>] was used to populate the object, check to make sure this command returns at least one valid object.
WARNING: [Vivado 12-584] No ports matched 'LED[7]'. [C:/Users/exone/Documents/GitHub/Hardware-Engineering-Lab/Vivado projects/project_1_Full_Adder/project_1_Full_Adder.srcs/constrs_1/imports/constraints/Nexys-A7-100T-Master.xdc:40]
CRITICAL WARNING: [Common 17-55] 'set_property' expects at least one object. [C:/Users/exone/Documents/GitHub/Hardware-Engineering-Lab/Vivado projects/project_1_Full_Adder/project_1_Full_Adder.srcs/constrs_1/imports/constraints/Nexys-A7-100T-Master.xdc:40]
Resolution: If [get_<value>] was used to populate the object, check to make sure this command returns at least one valid object.
WARNING: [Vivado 12-584] No ports matched 'LED[8]'. [C:/Users/exone/Documents/GitHub/Hardware-Engineering-Lab/Vivado projects/project_1_Full_Adder/project_1_Full_Adder.srcs/constrs_1/imports/constraints/Nexys-A7-100T-Master.xdc:41]
CRITICAL WARNING: [Common 17-55] 'set_property' expects at least one object. [C:/Users/exone/Documents/GitHub/Hardware-Engineering-Lab/Vivado projects/project_1_Full_Adder/project_1_Full_Adder.srcs/constrs_1/imports/constraints/Nexys-A7-100T-Master.xdc:41]
Resolution: If [get_<value>] was used to populate the object, check to make sure this command returns at least one valid object.
WARNING: [Vivado 12-584] No ports matched 'LED[9]'. [C:/Users/exone/Documents/GitHub/Hardware-Engineering-Lab/Vivado projects/project_1_Full_Adder/project_1_Full_Adder.srcs/constrs_1/imports/constraints/Nexys-A7-100T-Master.xdc:42]
CRITICAL WARNING: [Common 17-55] 'set_property' expects at least one object. [C:/Users/exone/Documents/GitHub/Hardware-Engineering-Lab/Vivado projects/project_1_Full_Adder/project_1_Full_Adder.srcs/constrs_1/imports/constraints/Nexys-A7-100T-Master.xdc:42]
Resolution: If [get_<value>] was used to populate the object, check to make sure this command returns at least one valid object.
WARNING: [Vivado 12-584] No ports matched 'LED[10]'. [C:/Users/exone/Documents/GitHub/Hardware-Engineering-Lab/Vivado projects/project_1_Full_Adder/project_1_Full_Adder.srcs/constrs_1/imports/constraints/Nexys-A7-100T-Master.xdc:43]
CRITICAL WARNING: [Common 17-55] 'set_property' expects at least one object. [C:/Users/exone/Documents/GitHub/Hardware-Engineering-Lab/Vivado projects/project_1_Full_Adder/project_1_Full_Adder.srcs/constrs_1/imports/constraints/Nexys-A7-100T-Master.xdc:43]
Resolution: If [get_<value>] was used to populate the object, check to make sure this command returns at least one valid object.
WARNING: [Vivado 12-584] No ports matched 'LED[11]'. [C:/Users/exone/Documents/GitHub/Hardware-Engineering-Lab/Vivado projects/project_1_Full_Adder/project_1_Full_Adder.srcs/constrs_1/imports/constraints/Nexys-A7-100T-Master.xdc:44]
CRITICAL WARNING: [Common 17-55] 'set_property' expects at least one object. [C:/Users/exone/Documents/GitHub/Hardware-Engineering-Lab/Vivado projects/project_1_Full_Adder/project_1_Full_Adder.srcs/constrs_1/imports/constraints/Nexys-A7-100T-Master.xdc:44]
Resolution: If [get_<value>] was used to populate the object, check to make sure this command returns at least one valid object.
WARNING: [Vivado 12-584] No ports matched 'LED[12]'. [C:/Users/exone/Documents/GitHub/Hardware-Engineering-Lab/Vivado projects/project_1_Full_Adder/project_1_Full_Adder.srcs/constrs_1/imports/constraints/Nexys-A7-100T-Master.xdc:45]
CRITICAL WARNING: [Common 17-55] 'set_property' expects at least one object. [C:/Users/exone/Documents/GitHub/Hardware-Engineering-Lab/Vivado projects/project_1_Full_Adder/project_1_Full_Adder.srcs/constrs_1/imports/constraints/Nexys-A7-100T-Master.xdc:45]
Resolution: If [get_<value>] was used to populate the object, check to make sure this command returns at least one valid object.
WARNING: [Vivado 12-584] No ports matched 'LED[13]'. [C:/Users/exone/Documents/GitHub/Hardware-Engineering-Lab/Vivado projects/project_1_Full_Adder/project_1_Full_Adder.srcs/constrs_1/imports/constraints/Nexys-A7-100T-Master.xdc:46]
CRITICAL WARNING: [Common 17-55] 'set_property' expects at least one object. [C:/Users/exone/Documents/GitHub/Hardware-Engineering-Lab/Vivado projects/project_1_Full_Adder/project_1_Full_Adder.srcs/constrs_1/imports/constraints/Nexys-A7-100T-Master.xdc:46]
Resolution: If [get_<value>] was used to populate the object, check to make sure this command returns at least one valid object.
WARNING: [Vivado 12-584] No ports matched 'LED[14]'. [C:/Users/exone/Documents/GitHub/Hardware-Engineering-Lab/Vivado projects/project_1_Full_Adder/project_1_Full_Adder.srcs/constrs_1/imports/constraints/Nexys-A7-100T-Master.xdc:47]
CRITICAL WARNING: [Common 17-55] 'set_property' expects at least one object. [C:/Users/exone/Documents/GitHub/Hardware-Engineering-Lab/Vivado projects/project_1_Full_Adder/project_1_Full_Adder.srcs/constrs_1/imports/constraints/Nexys-A7-100T-Master.xdc:47]
Resolution: If [get_<value>] was used to populate the object, check to make sure this command returns at least one valid object.
WARNING: [Vivado 12-584] No ports matched 'LED[15]'. [C:/Users/exone/Documents/GitHub/Hardware-Engineering-Lab/Vivado projects/project_1_Full_Adder/project_1_Full_Adder.srcs/constrs_1/imports/constraints/Nexys-A7-100T-Master.xdc:48]
CRITICAL WARNING: [Common 17-55] 'set_property' expects at least one object. [C:/Users/exone/Documents/GitHub/Hardware-Engineering-Lab/Vivado projects/project_1_Full_Adder/project_1_Full_Adder.srcs/constrs_1/imports/constraints/Nexys-A7-100T-Master.xdc:48]
Resolution: If [get_<value>] was used to populate the object, check to make sure this command returns at least one valid object.
WARNING: [Vivado 12-584] No ports matched 'seg[0]'. [C:/Users/exone/Documents/GitHub/Hardware-Engineering-Lab/Vivado projects/project_1_Full_Adder/project_1_Full_Adder.srcs/constrs_1/imports/constraints/Nexys-A7-100T-Master.xdc:60]
CRITICAL WARNING: [Common 17-55] 'set_property' expects at least one object. [C:/Users/exone/Documents/GitHub/Hardware-Engineering-Lab/Vivado projects/project_1_Full_Adder/project_1_Full_Adder.srcs/constrs_1/imports/constraints/Nexys-A7-100T-Master.xdc:60]
Resolution: If [get_<value>] was used to populate the object, check to make sure this command returns at least one valid object.
WARNING: [Vivado 12-584] No ports matched 'seg[1]'. [C:/Users/exone/Documents/GitHub/Hardware-Engineering-Lab/Vivado projects/project_1_Full_Adder/project_1_Full_Adder.srcs/constrs_1/imports/constraints/Nexys-A7-100T-Master.xdc:61]
CRITICAL WARNING: [Common 17-55] 'set_property' expects at least one object. [C:/Users/exone/Documents/GitHub/Hardware-Engineering-Lab/Vivado projects/project_1_Full_Adder/project_1_Full_Adder.srcs/constrs_1/imports/constraints/Nexys-A7-100T-Master.xdc:61]
Resolution: If [get_<value>] was used to populate the object, check to make sure this command returns at least one valid object.
WARNING: [Vivado 12-584] No ports matched 'seg[2]'. [C:/Users/exone/Documents/GitHub/Hardware-Engineering-Lab/Vivado projects/project_1_Full_Adder/project_1_Full_Adder.srcs/constrs_1/imports/constraints/Nexys-A7-100T-Master.xdc:62]
CRITICAL WARNING: [Common 17-55] 'set_property' expects at least one object. [C:/Users/exone/Documents/GitHub/Hardware-Engineering-Lab/Vivado projects/project_1_Full_Adder/project_1_Full_Adder.srcs/constrs_1/imports/constraints/Nexys-A7-100T-Master.xdc:62]
Resolution: If [get_<value>] was used to populate the object, check to make sure this command returns at least one valid object.
WARNING: [Vivado 12-584] No ports matched 'seg[3]'. [C:/Users/exone/Documents/GitHub/Hardware-Engineering-Lab/Vivado projects/project_1_Full_Adder/project_1_Full_Adder.srcs/constrs_1/imports/constraints/Nexys-A7-100T-Master.xdc:63]
CRITICAL WARNING: [Common 17-55] 'set_property' expects at least one object. [C:/Users/exone/Documents/GitHub/Hardware-Engineering-Lab/Vivado projects/project_1_Full_Adder/project_1_Full_Adder.srcs/constrs_1/imports/constraints/Nexys-A7-100T-Master.xdc:63]
Resolution: If [get_<value>] was used to populate the object, check to make sure this command returns at least one valid object.
WARNING: [Vivado 12-584] No ports matched 'seg[4]'. [C:/Users/exone/Documents/GitHub/Hardware-Engineering-Lab/Vivado projects/project_1_Full_Adder/project_1_Full_Adder.srcs/constrs_1/imports/constraints/Nexys-A7-100T-Master.xdc:64]
CRITICAL WARNING: [Common 17-55] 'set_property' expects at least one object. [C:/Users/exone/Documents/GitHub/Hardware-Engineering-Lab/Vivado projects/project_1_Full_Adder/project_1_Full_Adder.srcs/constrs_1/imports/constraints/Nexys-A7-100T-Master.xdc:64]
Resolution: If [get_<value>] was used to populate the object, check to make sure this command returns at least one valid object.
WARNING: [Vivado 12-584] No ports matched 'seg[5]'. [C:/Users/exone/Documents/GitHub/Hardware-Engineering-Lab/Vivado projects/project_1_Full_Adder/project_1_Full_Adder.srcs/constrs_1/imports/constraints/Nexys-A7-100T-Master.xdc:65]
CRITICAL WARNING: [Common 17-55] 'set_property' expects at least one object. [C:/Users/exone/Documents/GitHub/Hardware-Engineering-Lab/Vivado projects/project_1_Full_Adder/project_1_Full_Adder.srcs/constrs_1/imports/constraints/Nexys-A7-100T-Master.xdc:65]
Resolution: If [get_<value>] was used to populate the object, check to make sure this command returns at least one valid object.
WARNING: [Vivado 12-584] No ports matched 'seg[6]'. [C:/Users/exone/Documents/GitHub/Hardware-Engineering-Lab/Vivado projects/project_1_Full_Adder/project_1_Full_Adder.srcs/constrs_1/imports/constraints/Nexys-A7-100T-Master.xdc:66]
CRITICAL WARNING: [Common 17-55] 'set_property' expects at least one object. [C:/Users/exone/Documents/GitHub/Hardware-Engineering-Lab/Vivado projects/project_1_Full_Adder/project_1_Full_Adder.srcs/constrs_1/imports/constraints/Nexys-A7-100T-Master.xdc:66]
Resolution: If [get_<value>] was used to populate the object, check to make sure this command returns at least one valid object.
WARNING: [Vivado 12-584] No ports matched 'dp'. [C:/Users/exone/Documents/GitHub/Hardware-Engineering-Lab/Vivado projects/project_1_Full_Adder/project_1_Full_Adder.srcs/constrs_1/imports/constraints/Nexys-A7-100T-Master.xdc:68]
CRITICAL WARNING: [Common 17-55] 'set_property' expects at least one object. [C:/Users/exone/Documents/GitHub/Hardware-Engineering-Lab/Vivado projects/project_1_Full_Adder/project_1_Full_Adder.srcs/constrs_1/imports/constraints/Nexys-A7-100T-Master.xdc:68]
Resolution: If [get_<value>] was used to populate the object, check to make sure this command returns at least one valid object.
WARNING: [Vivado 12-584] No ports matched 'an[0]'. [C:/Users/exone/Documents/GitHub/Hardware-Engineering-Lab/Vivado projects/project_1_Full_Adder/project_1_Full_Adder.srcs/constrs_1/imports/constraints/Nexys-A7-100T-Master.xdc:70]
CRITICAL WARNING: [Common 17-55] 'set_property' expects at least one object. [C:/Users/exone/Documents/GitHub/Hardware-Engineering-Lab/Vivado projects/project_1_Full_Adder/project_1_Full_Adder.srcs/constrs_1/imports/constraints/Nexys-A7-100T-Master.xdc:70]
Resolution: If [get_<value>] was used to populate the object, check to make sure this command returns at least one valid object.
WARNING: [Vivado 12-584] No ports matched 'an[1]'. [C:/Users/exone/Documents/GitHub/Hardware-Engineering-Lab/Vivado projects/project_1_Full_Adder/project_1_Full_Adder.srcs/constrs_1/imports/constraints/Nexys-A7-100T-Master.xdc:71]
CRITICAL WARNING: [Common 17-55] 'set_property' expects at least one object. [C:/Users/exone/Documents/GitHub/Hardware-Engineering-Lab/Vivado projects/project_1_Full_Adder/project_1_Full_Adder.srcs/constrs_1/imports/constraints/Nexys-A7-100T-Master.xdc:71]
Resolution: If [get_<value>] was used to populate the object, check to make sure this command returns at least one valid object.
WARNING: [Vivado 12-584] No ports matched 'an[2]'. [C:/Users/exone/Documents/GitHub/Hardware-Engineering-Lab/Vivado projects/project_1_Full_Adder/project_1_Full_Adder.srcs/constrs_1/imports/constraints/Nexys-A7-100T-Master.xdc:72]
CRITICAL WARNING: [Common 17-55] 'set_property' expects at least one object. [C:/Users/exone/Documents/GitHub/Hardware-Engineering-Lab/Vivado projects/project_1_Full_Adder/project_1_Full_Adder.srcs/constrs_1/imports/constraints/Nexys-A7-100T-Master.xdc:72]
Resolution: If [get_<value>] was used to populate the object, check to make sure this command returns at least one valid object.
WARNING: [Vivado 12-584] No ports matched 'an[3]'. [C:/Users/exone/Documents/GitHub/Hardware-Engineering-Lab/Vivado projects/project_1_Full_Adder/project_1_Full_Adder.srcs/constrs_1/imports/constraints/Nexys-A7-100T-Master.xdc:73]
CRITICAL WARNING: [Common 17-55] 'set_property' expects at least one object. [C:/Users/exone/Documents/GitHub/Hardware-Engineering-Lab/Vivado projects/project_1_Full_Adder/project_1_Full_Adder.srcs/constrs_1/imports/constraints/Nexys-A7-100T-Master.xdc:73]
Resolution: If [get_<value>] was used to populate the object, check to make sure this command returns at least one valid object.
WARNING: [Vivado 12-584] No ports matched 'an[4]'. [C:/Users/exone/Documents/GitHub/Hardware-Engineering-Lab/Vivado projects/project_1_Full_Adder/project_1_Full_Adder.srcs/constrs_1/imports/constraints/Nexys-A7-100T-Master.xdc:74]
CRITICAL WARNING: [Common 17-55] 'set_property' expects at least one object. [C:/Users/exone/Documents/GitHub/Hardware-Engineering-Lab/Vivado projects/project_1_Full_Adder/project_1_Full_Adder.srcs/constrs_1/imports/constraints/Nexys-A7-100T-Master.xdc:74]
Resolution: If [get_<value>] was used to populate the object, check to make sure this command returns at least one valid object.
WARNING: [Vivado 12-584] No ports matched 'an[5]'. [C:/Users/exone/Documents/GitHub/Hardware-Engineering-Lab/Vivado projects/project_1_Full_Adder/project_1_Full_Adder.srcs/constrs_1/imports/constraints/Nexys-A7-100T-Master.xdc:75]
CRITICAL WARNING: [Common 17-55] 'set_property' expects at least one object. [C:/Users/exone/Documents/GitHub/Hardware-Engineering-Lab/Vivado projects/project_1_Full_Adder/project_1_Full_Adder.srcs/constrs_1/imports/constraints/Nexys-A7-100T-Master.xdc:75]
Resolution: If [get_<value>] was used to populate the object, check to make sure this command returns at least one valid object.
WARNING: [Vivado 12-584] No ports matched 'an[6]'. [C:/Users/exone/Documents/GitHub/Hardware-Engineering-Lab/Vivado projects/project_1_Full_Adder/project_1_Full_Adder.srcs/constrs_1/imports/constraints/Nexys-A7-100T-Master.xdc:76]
CRITICAL WARNING: [Common 17-55] 'set_property' expects at least one object. [C:/Users/exone/Documents/GitHub/Hardware-Engineering-Lab/Vivado projects/project_1_Full_Adder/project_1_Full_Adder.srcs/constrs_1/imports/constraints/Nexys-A7-100T-Master.xdc:76]
Resolution: If [get_<value>] was used to populate the object, check to make sure this command returns at least one valid object.
WARNING: [Vivado 12-584] No ports matched 'an[7]'. [C:/Users/exone/Documents/GitHub/Hardware-Engineering-Lab/Vivado projects/project_1_Full_Adder/project_1_Full_Adder.srcs/constrs_1/imports/constraints/Nexys-A7-100T-Master.xdc:77]
CRITICAL WARNING: [Common 17-55] 'set_property' expects at least one object. [C:/Users/exone/Documents/GitHub/Hardware-Engineering-Lab/Vivado projects/project_1_Full_Adder/project_1_Full_Adder.srcs/constrs_1/imports/constraints/Nexys-A7-100T-Master.xdc:77]
Resolution: If [get_<value>] was used to populate the object, check to make sure this command returns at least one valid object.
WARNING: [Vivado 12-584] No ports matched 'vauxn3'. [C:/Users/exone/Documents/GitHub/Hardware-Engineering-Lab/Vivado projects/project_1_Full_Adder/project_1_Full_Adder.srcs/constrs_1/imports/constraints/Nexys-A7-100T-Master.xdc:144]
CRITICAL WARNING: [Common 17-55] 'set_property' expects at least one object. [C:/Users/exone/Documents/GitHub/Hardware-Engineering-Lab/Vivado projects/project_1_Full_Adder/project_1_Full_Adder.srcs/constrs_1/imports/constraints/Nexys-A7-100T-Master.xdc:144]
Resolution: If [get_<value>] was used to populate the object, check to make sure this command returns at least one valid object.
WARNING: [Vivado 12-584] No ports matched 'vauxp3'. [C:/Users/exone/Documents/GitHub/Hardware-Engineering-Lab/Vivado projects/project_1_Full_Adder/project_1_Full_Adder.srcs/constrs_1/imports/constraints/Nexys-A7-100T-Master.xdc:145]
CRITICAL WARNING: [Common 17-55] 'set_property' expects at least one object. [C:/Users/exone/Documents/GitHub/Hardware-Engineering-Lab/Vivado projects/project_1_Full_Adder/project_1_Full_Adder.srcs/constrs_1/imports/constraints/Nexys-A7-100T-Master.xdc:145]
Resolution: If [get_<value>] was used to populate the object, check to make sure this command returns at least one valid object.
WARNING: [Vivado 12-584] No ports matched 'vauxn10'. [C:/Users/exone/Documents/GitHub/Hardware-Engineering-Lab/Vivado projects/project_1_Full_Adder/project_1_Full_Adder.srcs/constrs_1/imports/constraints/Nexys-A7-100T-Master.xdc:146]
CRITICAL WARNING: [Common 17-55] 'set_property' expects at least one object. [C:/Users/exone/Documents/GitHub/Hardware-Engineering-Lab/Vivado projects/project_1_Full_Adder/project_1_Full_Adder.srcs/constrs_1/imports/constraints/Nexys-A7-100T-Master.xdc:146]
Resolution: If [get_<value>] was used to populate the object, check to make sure this command returns at least one valid object.
WARNING: [Vivado 12-584] No ports matched 'vauxp10'. [C:/Users/exone/Documents/GitHub/Hardware-Engineering-Lab/Vivado projects/project_1_Full_Adder/project_1_Full_Adder.srcs/constrs_1/imports/constraints/Nexys-A7-100T-Master.xdc:147]
CRITICAL WARNING: [Common 17-55] 'set_property' expects at least one object. [C:/Users/exone/Documents/GitHub/Hardware-Engineering-Lab/Vivado projects/project_1_Full_Adder/project_1_Full_Adder.srcs/constrs_1/imports/constraints/Nexys-A7-100T-Master.xdc:147]
Resolution: If [get_<value>] was used to populate the object, check to make sure this command returns at least one valid object.
WARNING: [Vivado 12-584] No ports matched 'vauxn2'. [C:/Users/exone/Documents/GitHub/Hardware-Engineering-Lab/Vivado projects/project_1_Full_Adder/project_1_Full_Adder.srcs/constrs_1/imports/constraints/Nexys-A7-100T-Master.xdc:148]
CRITICAL WARNING: [Common 17-55] 'set_property' expects at least one object. [C:/Users/exone/Documents/GitHub/Hardware-Engineering-Lab/Vivado projects/project_1_Full_Adder/project_1_Full_Adder.srcs/constrs_1/imports/constraints/Nexys-A7-100T-Master.xdc:148]
Resolution: If [get_<value>] was used to populate the object, check to make sure this command returns at least one valid object.
WARNING: [Vivado 12-584] No ports matched 'vauxp2'. [C:/Users/exone/Documents/GitHub/Hardware-Engineering-Lab/Vivado projects/project_1_Full_Adder/project_1_Full_Adder.srcs/constrs_1/imports/constraints/Nexys-A7-100T-Master.xdc:149]
CRITICAL WARNING: [Common 17-55] 'set_property' expects at least one object. [C:/Users/exone/Documents/GitHub/Hardware-Engineering-Lab/Vivado projects/project_1_Full_Adder/project_1_Full_Adder.srcs/constrs_1/imports/constraints/Nexys-A7-100T-Master.xdc:149]
Resolution: If [get_<value>] was used to populate the object, check to make sure this command returns at least one valid object.
WARNING: [Vivado 12-584] No ports matched 'vauxn11'. [C:/Users/exone/Documents/GitHub/Hardware-Engineering-Lab/Vivado projects/project_1_Full_Adder/project_1_Full_Adder.srcs/constrs_1/imports/constraints/Nexys-A7-100T-Master.xdc:150]
CRITICAL WARNING: [Common 17-55] 'set_property' expects at least one object. [C:/Users/exone/Documents/GitHub/Hardware-Engineering-Lab/Vivado projects/project_1_Full_Adder/project_1_Full_Adder.srcs/constrs_1/imports/constraints/Nexys-A7-100T-Master.xdc:150]
Resolution: If [get_<value>] was used to populate the object, check to make sure this command returns at least one valid object.
WARNING: [Vivado 12-584] No ports matched 'vauxp11'. [C:/Users/exone/Documents/GitHub/Hardware-Engineering-Lab/Vivado projects/project_1_Full_Adder/project_1_Full_Adder.srcs/constrs_1/imports/constraints/Nexys-A7-100T-Master.xdc:151]
CRITICAL WARNING: [Common 17-55] 'set_property' expects at least one object. [C:/Users/exone/Documents/GitHub/Hardware-Engineering-Lab/Vivado projects/project_1_Full_Adder/project_1_Full_Adder.srcs/constrs_1/imports/constraints/Nexys-A7-100T-Master.xdc:151]
Resolution: If [get_<value>] was used to populate the object, check to make sure this command returns at least one valid object.
Finished Parsing XDC File [C:/Users/exone/Documents/GitHub/Hardware-Engineering-Lab/Vivado projects/project_1_Full_Adder/project_1_Full_Adder.srcs/constrs_1/imports/constraints/Nexys-A7-100T-Master.xdc]
INFO: [Opt 31-138] Pushed 0 inverter(s) to 0 load pin(s).
Netlist sorting complete. Time (s): cpu = 00:00:00 ; elapsed = 00:00:00 . Memory (MB): peak = 707.094 ; gain = 0.000
INFO: [Project 1-111] Unisim Transformation Summary:
No Unisim elements were transformed.

5 Infos, 44 Warnings, 44 Critical Warnings and 0 Errors encountered.
link_design completed successfully
link_design: Time (s): cpu = 00:00:24 ; elapsed = 00:00:35 . Memory (MB): peak = 711.098 ; gain = 381.414
Command: opt_design
Attempting to get a license for feature 'Implementation' and/or device 'xc7a200t'
INFO: [Common 17-349] Got license for feature 'Implementation' and/or device 'xc7a200t'
Running DRC as a precondition to command opt_design

Starting DRC Task
INFO: [DRC 23-27] Running DRC with 2 threads
INFO: [Project 1-461] DRC finished with 0 Errors
INFO: [Project 1-462] Please refer to the DRC report (report_drc) for more information.

Time (s): cpu = 00:00:03 ; elapsed = 00:00:05 . Memory (MB): peak = 728.266 ; gain = 17.168

Starting Cache Timing Information Task
INFO: [Timing 38-35] Done setting XDC timing constraints.
Ending Cache Timing Information Task | Checksum: 103f9da0d

Time (s): cpu = 00:00:37 ; elapsed = 00:00:47 . Memory (MB): peak = 1279.082 ; gain = 550.816

Starting Logic Optimization Task

Phase 1 Initialization

Phase 1.1 Core Generation And Design Setup
Phase 1.1 Core Generation And Design Setup | Checksum: 103f9da0d

Time (s): cpu = 00:00:00 ; elapsed = 00:00:00.006 . Memory (MB): peak = 1681.512 ; gain = 0.000

Phase 1.2 Setup Constraints And Sort Netlist
Phase 1.2 Setup Constraints And Sort Netlist | Checksum: 103f9da0d

Time (s): cpu = 00:00:00 ; elapsed = 00:00:00.017 . Memory (MB): peak = 1681.512 ; gain = 0.000
Phase 1 Initialization | Checksum: 103f9da0d

Time (s): cpu = 00:00:00 ; elapsed = 00:00:00.018 . Memory (MB): peak = 1681.512 ; gain = 0.000

Phase 2 Timer Update And Timing Data Collection

Phase 2.1 Timer Update
Phase 2.1 Timer Update | Checksum: 103f9da0d

Time (s): cpu = 00:00:01 ; elapsed = 00:00:00.108 . Memory (MB): peak = 1681.512 ; gain = 0.000

Phase 2.2 Timing Data Collection
Phase 2.2 Timing Data Collection | Checksum: 103f9da0d

Time (s): cpu = 00:00:01 ; elapsed = 00:00:00.184 . Memory (MB): peak = 1681.512 ; gain = 0.000
Phase 2 Timer Update And Timing Data Collection | Checksum: 103f9da0d

Time (s): cpu = 00:00:01 ; elapsed = 00:00:00.185 . Memory (MB): peak = 1681.512 ; gain = 0.000

Phase 3 Retarget
INFO: [Opt 31-1851] Number of loadless carry chains removed were: 0
INFO: [Opt 31-1834] Total Chains To Be Transformed Were: 0 AND Number of Transformed insts Created are: 0
INFO: [Opt 31-138] Pushed 0 inverter(s) to 0 load pin(s).
INFO: [Opt 31-49] Retargeted 0 cell(s).
Phase 3 Retarget | Checksum: 103f9da0d

Time (s): cpu = 00:00:01 ; elapsed = 00:00:00.258 . Memory (MB): peak = 1681.512 ; gain = 0.000
Retarget | Checksum: 103f9da0d
INFO: [Opt 31-389] Phase Retarget created 0 cells and removed 0 cells

Phase 4 Constant propagation
INFO: [Opt 31-138] Pushed 0 inverter(s) to 0 load pin(s).
Phase 4 Constant propagation | Checksum: 103f9da0d

Time (s): cpu = 00:00:01 ; elapsed = 00:00:00.265 . Memory (MB): peak = 1681.512 ; gain = 0.000
Constant propagation | Checksum: 103f9da0d
INFO: [Opt 31-389] Phase Constant propagation created 0 cells and removed 0 cells

Phase 5 Sweep
INFO: [Constraints 18-11670] Building netlist checker database with flags, 0x8
Done building netlist checker database: Time (s): cpu = 00:00:00 ; elapsed = 00:00:00 . Memory (MB): peak = 1681.512 ; gain = 0.000
Phase 5 Sweep | Checksum: 103f9da0d

Time (s): cpu = 00:00:01 ; elapsed = 00:00:00.299 . Memory (MB): peak = 1681.512 ; gain = 0.000
Sweep | Checksum: 103f9da0d
INFO: [Opt 31-389] Phase Sweep created 0 cells and removed 0 cells

Phase 6 BUFG optimization
Phase 6 BUFG optimization | Checksum: 103f9da0d

Time (s): cpu = 00:00:01 ; elapsed = 00:00:00.624 . Memory (MB): peak = 1681.512 ; gain = 0.000
BUFG optimization | Checksum: 103f9da0d
INFO: [Opt 31-662] Phase BUFG optimization created 0 cells of which 0 are BUFGs and removed 0 cells.

Phase 7 Shift Register Optimization
INFO: [Opt 31-1064] SRL Remap converted 0 SRLs to 0 registers and converted 0 registers of register chains to 0 SRLs
Phase 7 Shift Register Optimization | Checksum: 103f9da0d

Time (s): cpu = 00:00:01 ; elapsed = 00:00:00.630 . Memory (MB): peak = 1681.512 ; gain = 0.000
Shift Register Optimization | Checksum: 103f9da0d
INFO: [Opt 31-389] Phase Shift Register Optimization created 0 cells and removed 0 cells

Phase 8 Post Processing Netlist
Phase 8 Post Processing Netlist | Checksum: 103f9da0d

Time (s): cpu = 00:00:01 ; elapsed = 00:00:00.636 . Memory (MB): peak = 1681.512 ; gain = 0.000
Post Processing Netlist | Checksum: 103f9da0d
INFO: [Opt 31-389] Phase Post Processing Netlist created 0 cells and removed 0 cells

Phase 9 Finalization

Phase 9.1 Finalizing Design Cores and Updating Shapes
Phase 9.1 Finalizing Design Cores and Updating Shapes | Checksum: 103f9da0d

Time (s): cpu = 00:00:01 ; elapsed = 00:00:00.645 . Memory (MB): peak = 1681.512 ; gain = 0.000

Phase 9.2 Verifying Netlist Connectivity

Starting Connectivity Check Task

Time (s): cpu = 00:00:00 ; elapsed = 00:00:00.029 . Memory (MB): peak = 1681.512 ; gain = 0.000
Phase 9.2 Verifying Netlist Connectivity | Checksum: 103f9da0d

Time (s): cpu = 00:00:01 ; elapsed = 00:00:00.677 . Memory (MB): peak = 1681.512 ; gain = 0.000
Phase 9 Finalization | Checksum: 103f9da0d

Time (s): cpu = 00:00:01 ; elapsed = 00:00:00.678 . Memory (MB): peak = 1681.512 ; gain = 0.000
Opt_design Change Summary
=========================


-------------------------------------------------------------------------------------------------------------------------
|  Phase                        |  #Cells created  |  #Cells Removed  |  #Constrained objects preventing optimizations  |
-------------------------------------------------------------------------------------------------------------------------
|  Retarget                     |               0  |               0  |                                              0  |
|  Constant propagation         |               0  |               0  |                                              0  |
|  Sweep                        |               0  |               0  |                                              0  |
|  BUFG optimization            |               0  |               0  |                                              0  |
|  Shift Register Optimization  |               0  |               0  |                                              0  |
|  Post Processing Netlist      |               0  |               0  |                                              0  |
-------------------------------------------------------------------------------------------------------------------------


Ending Logic Optimization Task | Checksum: 103f9da0d

Time (s): cpu = 00:00:01 ; elapsed = 00:00:00.683 . Memory (MB): peak = 1681.512 ; gain = 0.000

Starting Power Optimization Task
INFO: [Pwropt 34-132] Skipping clock gating for clocks with a period < 2.00 ns.
Ending Power Optimization Task | Checksum: 103f9da0d

Time (s): cpu = 00:00:00 ; elapsed = 00:00:00.065 . Memory (MB): peak = 1681.512 ; gain = 0.000

Starting Final Cleanup Task
Ending Final Cleanup Task | Checksum: 103f9da0d

Time (s): cpu = 00:00:00 ; elapsed = 00:00:00.001 . Memory (MB): peak = 1681.512 ; gain = 0.000

Starting Netlist Obfuscation Task
Netlist sorting complete. Time (s): cpu = 00:00:00 ; elapsed = 00:00:00 . Memory (MB): peak = 1681.512 ; gain = 0.000
Ending Netlist Obfuscation Task | Checksum: 103f9da0d

Time (s): cpu = 00:00:00 ; elapsed = 00:00:00.001 . Memory (MB): peak = 1681.512 ; gain = 0.000
INFO: [Common 17-83] Releasing license: Implementation
25 Infos, 44 Warnings, 44 Critical Warnings and 0 Errors encountered.
opt_design completed successfully
opt_design: Time (s): cpu = 00:00:57 ; elapsed = 00:01:14 . Memory (MB): peak = 1681.512 ; gain = 970.414
INFO: [Vivado 12-24828] Executing command : report_drc -file Full_Adder_drc_opted.rpt -pb Full_Adder_drc_opted.pb -rpx Full_Adder_drc_opted.rpx
Command: report_drc -file Full_Adder_drc_opted.rpt -pb Full_Adder_drc_opted.pb -rpx Full_Adder_drc_opted.rpx
INFO: [IP_Flow 19-234] Refreshing IP repositories
INFO: [IP_Flow 19-1704] No user IP repositories specified
INFO: [IP_Flow 19-2313] Loaded Vivado IP repository 'C:/Xilinx/Vivado/2024.2/data/ip'.
INFO: [DRC 23-27] Running DRC with 2 threads
INFO: [Vivado_Tcl 2-168] The results of DRC are in file C:/Users/exone/Documents/GitHub/Hardware-Engineering-Lab/Vivado projects/project_1_Full_Adder/project_1_Full_Adder.runs/impl_1/Full_Adder_drc_opted.rpt.
report_drc completed successfully
report_drc: Time (s): cpu = 00:00:06 ; elapsed = 00:00:10 . Memory (MB): peak = 1681.512 ; gain = 0.000
generate_parallel_reports: Time (s): cpu = 00:00:06 ; elapsed = 00:00:10 . Memory (MB): peak = 1681.512 ; gain = 0.000
INFO: [Timing 38-480] Writing timing data to binary archive.
Write ShapeDB Complete: Time (s): cpu = 00:00:00 ; elapsed = 00:00:00.001 . Memory (MB): peak = 1681.512 ; gain = 0.000
INFO: [Common 17-1381] The checkpoint 'C:/Users/exone/Documents/GitHub/Hardware-Engineering-Lab/Vivado projects/project_1_Full_Adder/project_1_Full_Adder.runs/impl_1/Full_Adder_opt.dcp' has been generated.
Command: place_design
Attempting to get a license for feature 'Implementation' and/or device 'xc7a200t'
INFO: [Common 17-349] Got license for feature 'Implementation' and/or device 'xc7a200t'
INFO: [Common 17-83] Releasing license: Implementation
INFO: [DRC 23-27] Running DRC with 2 threads
INFO: [Vivado_Tcl 4-198] DRC finished with 0 Errors
INFO: [Vivado_Tcl 4-199] Please refer to the DRC report (report_drc) for more information.
Running DRC as a precondition to command place_design
INFO: [DRC 23-27] Running DRC with 2 threads
INFO: [Vivado_Tcl 4-198] DRC finished with 0 Errors
INFO: [Vivado_Tcl 4-199] Please refer to the DRC report (report_drc) for more information.
INFO: [Place 30-611] Multithreading enabled for place_design using a maximum of 2 CPUs

Starting Placer Task

Phase 1 Placer Initialization

Phase 1.1 Placer Initialization Netlist Sorting
Netlist sorting complete. Time (s): cpu = 00:00:00 ; elapsed = 00:00:00 . Memory (MB): peak = 1681.512 ; gain = 0.000
Phase 1.1 Placer Initialization Netlist Sorting | Checksum: aaea64e7

Time (s): cpu = 00:00:00 ; elapsed = 00:00:00.009 . Memory (MB): peak = 1681.512 ; gain = 0.000
Netlist sorting complete. Time (s): cpu = 00:00:00 ; elapsed = 00:00:00.001 . Memory (MB): peak = 1681.512 ; gain = 0.000

Phase 1.2 IO Placement/ Clock Placement/ Build Placer Device
INFO: [Timing 38-35] Done setting XDC timing constraints.
Phase 1.2 IO Placement/ Clock Placement/ Build Placer Device | Checksum: 16d1219fb

Time (s): cpu = 00:00:01 ; elapsed = 00:00:01 . Memory (MB): peak = 1681.512 ; gain = 0.000

Phase 1.3 Build Placer Netlist Model
Phase 1.3 Build Placer Netlist Model | Checksum: 1e3185fd8

Time (s): cpu = 00:00:01 ; elapsed = 00:00:02 . Memory (MB): peak = 1681.512 ; gain = 0.000

Phase 1.4 Constrain Clocks/Macros
Phase 1.4 Constrain Clocks/Macros | Checksum: 1e3185fd8

Time (s): cpu = 00:00:01 ; elapsed = 00:00:02 . Memory (MB): peak = 1681.512 ; gain = 0.000
Phase 1 Placer Initialization | Checksum: 1e3185fd8

Time (s): cpu = 00:00:01 ; elapsed = 00:00:02 . Memory (MB): peak = 1681.512 ; gain = 0.000

Phase 2 Global Placement

Phase 2.1 Floorplanning
Phase 2.1 Floorplanning | Checksum: 1e3185fd8

Time (s): cpu = 00:00:01 ; elapsed = 00:00:02 . Memory (MB): peak = 1681.512 ; gain = 0.000

Phase 2.2 Update Timing before SLR Path Opt
Phase 2.2 Update Timing before SLR Path Opt | Checksum: 1e3185fd8

Time (s): cpu = 00:00:01 ; elapsed = 00:00:02 . Memory (MB): peak = 1681.512 ; gain = 0.000

Phase 2.3 Post-Processing in Floorplanning
Phase 2.3 Post-Processing in Floorplanning | Checksum: 1e3185fd8

Time (s): cpu = 00:00:01 ; elapsed = 00:00:02 . Memory (MB): peak = 1681.512 ; gain = 0.000

Phase 2.4 Global Place Phase1
Phase 2.4 Global Place Phase1 | Checksum: 1990a983e

Time (s): cpu = 00:00:03 ; elapsed = 00:00:05 . Memory (MB): peak = 1695.000 ; gain = 13.488

Phase 2.5 Global Place Phase2
WARNING: [Place 46-29] Timing had been disabled during Placer and, therefore, physical synthesis in Placer will be skipped.
Phase 2.5 Global Place Phase2 | Checksum: 215d41579

Time (s): cpu = 00:00:05 ; elapsed = 00:00:08 . Memory (MB): peak = 1695.000 ; gain = 13.488
Phase 2 Global Placement | Checksum: 215d41579

Time (s): cpu = 00:00:05 ; elapsed = 00:00:08 . Memory (MB): peak = 1695.000 ; gain = 13.488

Phase 3 Detail Placement

Phase 3.1 Commit Multi Column Macros
Phase 3.1 Commit Multi Column Macros | Checksum: 215d41579

Time (s): cpu = 00:00:05 ; elapsed = 00:00:08 . Memory (MB): peak = 1695.000 ; gain = 13.488

Phase 3.2 Commit Most Macros & LUTRAMs
Phase 3.2 Commit Most Macros & LUTRAMs | Checksum: 1b7578920

Time (s): cpu = 00:00:05 ; elapsed = 00:00:08 . Memory (MB): peak = 1695.000 ; gain = 13.488

Phase 3.3 Area Swap Optimization
Phase 3.3 Area Swap Optimization | Checksum: 23e0e0521

Time (s): cpu = 00:00:05 ; elapsed = 00:00:08 . Memory (MB): peak = 1695.000 ; gain = 13.488

Phase 3.4 Pipeline Register Optimization
Phase 3.4 Pipeline Register Optimization | Checksum: 23e0e0521

Time (s): cpu = 00:00:05 ; elapsed = 00:00:08 . Memory (MB): peak = 1695.000 ; gain = 13.488

Phase 3.5 Small Shape Detail Placement
Phase 3.5 Small Shape Detail Placement | Checksum: 182a18238

Time (s): cpu = 00:00:13 ; elapsed = 00:00:17 . Memory (MB): peak = 1698.562 ; gain = 17.051

Phase 3.6 Re-assign LUT pins
Phase 3.6 Re-assign LUT pins | Checksum: 182a18238

Time (s): cpu = 00:00:13 ; elapsed = 00:00:17 . Memory (MB): peak = 1698.562 ; gain = 17.051

Phase 3.7 Pipeline Register Optimization
Phase 3.7 Pipeline Register Optimization | Checksum: 182a18238

Time (s): cpu = 00:00:13 ; elapsed = 00:00:17 . Memory (MB): peak = 1698.562 ; gain = 17.051
Phase 3 Detail Placement | Checksum: 182a18238

Time (s): cpu = 00:00:13 ; elapsed = 00:00:17 . Memory (MB): peak = 1698.562 ; gain = 17.051

Phase 4 Post Placement Optimization and Clean-Up

Phase 4.1 Post Commit Optimization
Phase 4.1 Post Commit Optimization | Checksum: 182a18238

Time (s): cpu = 00:00:14 ; elapsed = 00:00:18 . Memory (MB): peak = 1698.562 ; gain = 17.051

Phase 4.2 Post Placement Cleanup
Phase 4.2 Post Placement Cleanup | Checksum: 182a18238

Time (s): cpu = 00:00:14 ; elapsed = 00:00:18 . Memory (MB): peak = 1698.562 ; gain = 17.051

Phase 4.3 Placer Reporting

Phase 4.3.1 Print Estimated Congestion
INFO: [Place 30-612] Post-Placement Estimated Congestion 
 ____________________________________________________
|           | Global Congestion | Short Congestion  |
| Direction | Region Size       | Region Size       |
|___________|___________________|___________________|
|      North|                1x1|                1x1|
|___________|___________________|___________________|
|      South|                1x1|                1x1|
|___________|___________________|___________________|
|       East|                1x1|                1x1|
|___________|___________________|___________________|
|       West|                1x1|                1x1|
|___________|___________________|___________________|

Phase 4.3.1 Print Estimated Congestion | Checksum: 182a18238

Time (s): cpu = 00:00:14 ; elapsed = 00:00:18 . Memory (MB): peak = 1698.562 ; gain = 17.051
Phase 4.3 Placer Reporting | Checksum: 182a18238

Time (s): cpu = 00:00:14 ; elapsed = 00:00:18 . Memory (MB): peak = 1698.562 ; gain = 17.051

Phase 4.4 Final Placement Cleanup
Netlist sorting complete. Time (s): cpu = 00:00:00 ; elapsed = 00:00:00 . Memory (MB): peak = 1698.562 ; gain = 0.000

Time (s): cpu = 00:00:14 ; elapsed = 00:00:18 . Memory (MB): peak = 1698.562 ; gain = 17.051
Phase 4 Post Placement Optimization and Clean-Up | Checksum: 182a18238

Time (s): cpu = 00:00:14 ; elapsed = 00:00:18 . Memory (MB): peak = 1698.562 ; gain = 17.051
Ending Placer Task | Checksum: 1769fb074

Time (s): cpu = 00:00:14 ; elapsed = 00:00:18 . Memory (MB): peak = 1698.562 ; gain = 17.051
44 Infos, 45 Warnings, 44 Critical Warnings and 0 Errors encountered.
place_design completed successfully
place_design: Time (s): cpu = 00:00:17 ; elapsed = 00:00:21 . Memory (MB): peak = 1698.562 ; gain = 17.051
INFO: [Vivado 12-24838] Running report commands "report_control_sets, report_io, report_utilization" in parallel.
Running report generation with 2 threads.
INFO: [Vivado 12-24828] Executing command : report_utilization -file Full_Adder_utilization_placed.rpt -pb Full_Adder_utilization_placed.pb
INFO: [Vivado 12-24828] Executing command : report_control_sets -verbose -file Full_Adder_control_sets_placed.rpt
report_control_sets: Time (s): cpu = 00:00:00 ; elapsed = 00:00:00.007 . Memory (MB): peak = 1698.562 ; gain = 0.000
INFO: [Vivado 12-24828] Executing command : report_io -file Full_Adder_io_placed.rpt
report_io: Time (s): cpu = 00:00:00 ; elapsed = 00:00:00.651 . Memory (MB): peak = 1698.562 ; gain = 0.000
INFO: [Timing 38-480] Writing timing data to binary archive.
Write ShapeDB Complete: Time (s): cpu = 00:00:00 ; elapsed = 00:00:00.003 . Memory (MB): peak = 1701.703 ; gain = 0.000
Wrote PlaceDB: Time (s): cpu = 00:00:00 ; elapsed = 00:00:00.006 . Memory (MB): peak = 1701.703 ; gain = 0.000
Wrote PulsedLatchDB: Time (s): cpu = 00:00:00 ; elapsed = 00:00:00 . Memory (MB): peak = 1701.703 ; gain = 0.000
Writing XDEF routing.
Writing XDEF routing logical nets.
Writing XDEF routing special nets.
Wrote RouteStorage: Time (s): cpu = 00:00:00 ; elapsed = 00:00:00.131 . Memory (MB): peak = 1705.199 ; gain = 3.496
Wrote Netlist Cache: Time (s): cpu = 00:00:00 ; elapsed = 00:00:00.001 . Memory (MB): peak = 1705.199 ; gain = 0.000
Wrote Device Cache: Time (s): cpu = 00:00:00 ; elapsed = 00:00:00.045 . Memory (MB): peak = 1705.199 ; gain = 0.000
Write Physdb Complete: Time (s): cpu = 00:00:01 ; elapsed = 00:00:00.251 . Memory (MB): peak = 1705.199 ; gain = 3.496
INFO: [Common 17-1381] The checkpoint 'C:/Users/exone/Documents/GitHub/Hardware-Engineering-Lab/Vivado projects/project_1_Full_Adder/project_1_Full_Adder.runs/impl_1/Full_Adder_placed.dcp' has been generated.
Command: phys_opt_design
Attempting to get a license for feature 'Implementation' and/or device 'xc7a200t'
INFO: [Common 17-349] Got license for feature 'Implementation' and/or device 'xc7a200t'

Starting Initial Update Timing Task

Time (s): cpu = 00:00:00 ; elapsed = 00:00:00.034 . Memory (MB): peak = 1705.199 ; gain = 0.000
INFO: [Vivado_Tcl 4-235] No timing constraint found. The netlist was not modified.
INFO: [Common 17-83] Releasing license: Implementation
53 Infos, 45 Warnings, 44 Critical Warnings and 0 Errors encountered.
phys_opt_design completed successfully
Write ShapeDB Complete: Time (s): cpu = 00:00:00 ; elapsed = 00:00:00.004 . Memory (MB): peak = 1718.027 ; gain = 0.000
INFO: [Timing 38-480] Writing timing data to binary archive.
Wrote PlaceDB: Time (s): cpu = 00:00:00 ; elapsed = 00:00:00.005 . Memory (MB): peak = 1718.027 ; gain = 0.000
Wrote PulsedLatchDB: Time (s): cpu = 00:00:00 ; elapsed = 00:00:00 . Memory (MB): peak = 1718.027 ; gain = 0.000
Writing XDEF routing.
Writing XDEF routing logical nets.
Writing XDEF routing special nets.
Wrote RouteStorage: Time (s): cpu = 00:00:01 ; elapsed = 00:00:00.097 . Memory (MB): peak = 1718.027 ; gain = 0.000
Wrote Netlist Cache: Time (s): cpu = 00:00:00 ; elapsed = 00:00:00 . Memory (MB): peak = 1718.027 ; gain = 0.000
Wrote Device Cache: Time (s): cpu = 00:00:00 ; elapsed = 00:00:00.045 . Memory (MB): peak = 1718.027 ; gain = 0.000
Write Physdb Complete: Time (s): cpu = 00:00:01 ; elapsed = 00:00:00.180 . Memory (MB): peak = 1718.027 ; gain = 0.000
INFO: [Common 17-1381] The checkpoint 'C:/Users/exone/Documents/GitHub/Hardware-Engineering-Lab/Vivado projects/project_1_Full_Adder/project_1_Full_Adder.runs/impl_1/Full_Adder_physopt.dcp' has been generated.
Command: route_design
Attempting to get a license for feature 'Implementation' and/or device 'xc7a200t'
INFO: [Common 17-349] Got license for feature 'Implementation' and/or device 'xc7a200t'


Starting Routing Task
INFO: [Route 35-254] Multithreading enabled for route_design using a maximum of 2 CPUs

Phase 1 Build RT Design
Checksum: PlaceDB: cbb54b8d ConstDB: 0 ShapeSum: 12cf7983 RouteDB: 981aeb64
Post Restoration Checksum: NetGraph: 6e81be53 | NumContArr: c2abd0e8 | Constraints: c2a8fa9d | Timing: c2a8fa9d
Phase 1 Build RT Design | Checksum: 2b67f8475

Time (s): cpu = 00:06:10 ; elapsed = 00:07:55 . Memory (MB): peak = 1909.715 ; gain = 191.625

Phase 2 Router Initialization
INFO: [Route 35-64] No timing constraints were detected. The router will operate in resource-optimization mode.

Phase 2.1 Fix Topology Constraints
Phase 2.1 Fix Topology Constraints | Checksum: 2b67f8475

Time (s): cpu = 00:06:10 ; elapsed = 00:07:55 . Memory (MB): peak = 1918.469 ; gain = 200.379

Phase 2.2 Pre Route Cleanup
Phase 2.2 Pre Route Cleanup | Checksum: 2b67f8475

Time (s): cpu = 00:06:10 ; elapsed = 00:07:55 . Memory (MB): peak = 1918.469 ; gain = 200.379
 Number of Nodes with overlaps = 0

Router Utilization Summary
  Global Vertical Routing Utilization    = 0 %
  Global Horizontal Routing Utilization  = 0 %
  Routable Net Status*
  *Does not include unroutable nets such as driverless and loadless.
  Run report_route_status for detailed report.
  Number of Failed Nets               = 5
    (Failed Nets is the sum of unrouted and partially routed nets)
  Number of Unrouted Nets             = 5
  Number of Partially Routed Nets     = 0
  Number of Node Overlaps             = 0

Phase 2 Router Initialization | Checksum: 279d4f134

Time (s): cpu = 00:06:16 ; elapsed = 00:08:00 . Memory (MB): peak = 1987.617 ; gain = 269.527

Phase 3 Global Routing
Phase 3 Global Routing | Checksum: 279d4f134

Time (s): cpu = 00:06:16 ; elapsed = 00:08:00 . Memory (MB): peak = 1987.617 ; gain = 269.527

Phase 4 Initial Routing

Phase 4.1 Initial Net Routing Pass
Phase 4.1 Initial Net Routing Pass | Checksum: 2348c1a3b

Time (s): cpu = 00:06:18 ; elapsed = 00:08:01 . Memory (MB): peak = 1987.617 ; gain = 269.527
Phase 4 Initial Routing | Checksum: 2348c1a3b

Time (s): cpu = 00:06:18 ; elapsed = 00:08:01 . Memory (MB): peak = 1987.617 ; gain = 269.527

Phase 5 Rip-up And Reroute

Phase 5.1 Global Iteration 0
 Number of Nodes with overlaps = 0
Phase 5.1 Global Iteration 0 | Checksum: 30c4fa571

Time (s): cpu = 00:06:18 ; elapsed = 00:08:01 . Memory (MB): peak = 1987.617 ; gain = 269.527
Phase 5 Rip-up And Reroute | Checksum: 30c4fa571

Time (s): cpu = 00:06:18 ; elapsed = 00:08:01 . Memory (MB): peak = 1987.617 ; gain = 269.527

Phase 6 Delay and Skew Optimization
Phase 6 Delay and Skew Optimization | Checksum: 30c4fa571

Time (s): cpu = 00:06:18 ; elapsed = 00:08:01 . Memory (MB): peak = 1987.617 ; gain = 269.527

Phase 7 Post Hold Fix

Phase 7.1 Hold Fix Iter
Phase 7.1 Hold Fix Iter | Checksum: 30c4fa571

Time (s): cpu = 00:06:18 ; elapsed = 00:08:01 . Memory (MB): peak = 1987.617 ; gain = 269.527
Phase 7 Post Hold Fix | Checksum: 30c4fa571

Time (s): cpu = 00:06:18 ; elapsed = 00:08:01 . Memory (MB): peak = 1987.617 ; gain = 269.527

Phase 8 Route finalize

Router Utilization Summary
  Global Vertical Routing Utilization    = 0.00012147 %
  Global Horizontal Routing Utilization  = 0.000363516 %
  Routable Net Status*
  *Does not include unroutable nets such as driverless and loadless.
  Run report_route_status for detailed report.
  Number of Failed Nets               = 0
    (Failed Nets is the sum of unrouted and partially routed nets)
  Number of Unrouted Nets             = 0
  Number of Partially Routed Nets     = 0
  Number of Node Overlaps             = 0


--GLOBAL Congestion:
Utilization threshold used for congestion level computation: 0.85
Congestion Report
North Dir 1x1 Area, Max Cong = 0%, No Congested Regions.
South Dir 1x1 Area, Max Cong = 1.8018%, No Congested Regions.
East Dir 1x1 Area, Max Cong = 2.94118%, No Congested Regions.
West Dir 1x1 Area, Max Cong = 4.41176%, No Congested Regions.

------------------------------
Reporting congestion hotspots
------------------------------
Direction: North
----------------
Congested clusters found at Level 0
Effective congestion level: 0 Aspect Ratio: 1 Sparse Ratio: 0
Direction: South
----------------
Congested clusters found at Level 0
Effective congestion level: 0 Aspect Ratio: 1 Sparse Ratio: 0
Direction: East
----------------
Congested clusters found at Level 0
Effective congestion level: 0 Aspect Ratio: 1 Sparse Ratio: 0
Direction: West
----------------
Congested clusters found at Level 0
Effective congestion level: 0 Aspect Ratio: 1 Sparse Ratio: 0

Phase 8 Route finalize | Checksum: 30c4fa571

Time (s): cpu = 00:06:19 ; elapsed = 00:08:02 . Memory (MB): peak = 1987.617 ; gain = 269.527

Phase 9 Verifying routed nets

 Verification completed successfully
Phase 9 Verifying routed nets | Checksum: 30c4fa571

Time (s): cpu = 00:06:19 ; elapsed = 00:08:02 . Memory (MB): peak = 1987.617 ; gain = 269.527

Phase 10 Depositing Routes
Phase 10 Depositing Routes | Checksum: 30c4fa571

Time (s): cpu = 00:06:19 ; elapsed = 00:08:02 . Memory (MB): peak = 1987.617 ; gain = 269.527

Phase 11 Post Process Routing
Phase 11 Post Process Routing | Checksum: 30c4fa571

Time (s): cpu = 00:06:19 ; elapsed = 00:08:02 . Memory (MB): peak = 1987.617 ; gain = 269.527
Total Elapsed time in route_design: 481.998 secs

Phase 12 Post-Route Event Processing
Phase 12 Post-Route Event Processing | Checksum: fac57e29

Time (s): cpu = 00:06:19 ; elapsed = 00:08:02 . Memory (MB): peak = 1987.617 ; gain = 269.527
INFO: [Route 35-16] Router Completed Successfully
Ending Routing Task | Checksum: fac57e29

Time (s): cpu = 00:06:19 ; elapsed = 00:08:02 . Memory (MB): peak = 1987.617 ; gain = 269.527

Routing Is Done.
INFO: [Common 17-83] Releasing license: Implementation
60 Infos, 45 Warnings, 44 Critical Warnings and 0 Errors encountered.
route_design completed successfully
route_design: Time (s): cpu = 00:06:19 ; elapsed = 00:08:02 . Memory (MB): peak = 1987.617 ; gain = 269.590
INFO: [Vivado 12-24828] Executing command : report_drc -file Full_Adder_drc_routed.rpt -pb Full_Adder_drc_routed.pb -rpx Full_Adder_drc_routed.rpx
Command: report_drc -file Full_Adder_drc_routed.rpt -pb Full_Adder_drc_routed.pb -rpx Full_Adder_drc_routed.rpx
INFO: [IP_Flow 19-1839] IP Catalog is up to date.
INFO: [DRC 23-27] Running DRC with 2 threads
INFO: [Vivado_Tcl 2-168] The results of DRC are in file C:/Users/exone/Documents/GitHub/Hardware-Engineering-Lab/Vivado projects/project_1_Full_Adder/project_1_Full_Adder.runs/impl_1/Full_Adder_drc_routed.rpt.
report_drc completed successfully
INFO: [Vivado 12-24828] Executing command : report_methodology -file Full_Adder_methodology_drc_routed.rpt -pb Full_Adder_methodology_drc_routed.pb -rpx Full_Adder_methodology_drc_routed.rpx
Command: report_methodology -file Full_Adder_methodology_drc_routed.rpt -pb Full_Adder_methodology_drc_routed.pb -rpx Full_Adder_methodology_drc_routed.rpx
INFO: [Timing 38-35] Done setting XDC timing constraints.
INFO: [DRC 23-133] Running Methodology with 2 threads
INFO: [Vivado_Tcl 2-1520] The results of Report Methodology are in file C:/Users/exone/Documents/GitHub/Hardware-Engineering-Lab/Vivado projects/project_1_Full_Adder/project_1_Full_Adder.runs/impl_1/Full_Adder_methodology_drc_routed.rpt.
report_methodology completed successfully
INFO: [Vivado 12-24828] Executing command : report_timing_summary -max_paths 10 -report_unconstrained -file Full_Adder_timing_summary_routed.rpt -pb Full_Adder_timing_summary_routed.pb -rpx Full_Adder_timing_summary_routed.rpx -warn_on_violation 
INFO: [Timing 38-35] Done setting XDC timing constraints.
INFO: [Timing 38-91] UpdateTimingParams: Speed grade: -2, Delay Type: min_max.
INFO: [Timing 38-191] Multithreading enabled for timing update using a maximum of 2 CPUs
WARNING: [Timing 38-313] There are no user specified timing constraints. Timing constraints are needed for proper timing analysis.
INFO: [Vivado 12-24838] Running report commands "report_incremental_reuse, report_route_status" in parallel.
Running report generation with 2 threads.
INFO: [Vivado 12-24828] Executing command : report_route_status -file Full_Adder_route_status.rpt -pb Full_Adder_route_status.pb
INFO: [Vivado 12-24828] Executing command : report_incremental_reuse -file Full_Adder_incremental_reuse_routed.rpt
INFO: [Vivado_Tcl 4-1062] Incremental flow is disabled. No incremental reuse Info to report.
INFO: [Vivado 12-24828] Executing command : report_power -file Full_Adder_power_routed.rpt -pb Full_Adder_power_summary_routed.pb -rpx Full_Adder_power_routed.rpx
Command: report_power -file Full_Adder_power_routed.rpt -pb Full_Adder_power_summary_routed.pb -rpx Full_Adder_power_routed.rpx
WARNING: [Power 33-232] No user defined clocks were found in the design! Power estimation will be inaccurate until this is corrected.
Resolution: Please specify clocks using create_clock/create_generated_clock for sequential elements. For pure combinatorial circuits, please specify a virtual clock, otherwise the vectorless estimation might be inaccurate
Running Vector-less Activity Propagation...

Finished Running Vector-less Activity Propagation
77 Infos, 47 Warnings, 44 Critical Warnings and 0 Errors encountered.
report_power completed successfully
INFO: [Vivado 12-24828] Executing command : report_clock_utilization -file Full_Adder_clock_utilization_routed.rpt
INFO: [Vivado 12-24828] Executing command : report_bus_skew -warn_on_violation -file Full_Adder_bus_skew_routed.rpt -pb Full_Adder_bus_skew_routed.pb -rpx Full_Adder_bus_skew_routed.rpx
INFO: [Timing 38-91] UpdateTimingParams: Speed grade: -2, Delay Type: min_max.
INFO: [Timing 38-191] Multithreading enabled for timing update using a maximum of 2 CPUs
generate_parallel_reports: Time (s): cpu = 00:00:09 ; elapsed = 00:00:12 . Memory (MB): peak = 1987.617 ; gain = 0.000
INFO: [Timing 38-480] Writing timing data to binary archive.
Write ShapeDB Complete: Time (s): cpu = 00:00:00 ; elapsed = 00:00:00.003 . Memory (MB): peak = 1987.617 ; gain = 0.000
Wrote PlaceDB: Time (s): cpu = 00:00:00 ; elapsed = 00:00:00.006 . Memory (MB): peak = 1987.617 ; gain = 0.000
Wrote PulsedLatchDB: Time (s): cpu = 00:00:00 ; elapsed = 00:00:00 . Memory (MB): peak = 1987.617 ; gain = 0.000
Writing XDEF routing.
Writing XDEF routing logical nets.
Writing XDEF routing special nets.
Wrote RouteStorage: Time (s): cpu = 00:00:00 ; elapsed = 00:00:00.061 . Memory (MB): peak = 1987.617 ; gain = 0.000
Wrote Netlist Cache: Time (s): cpu = 00:00:00 ; elapsed = 00:00:00 . Memory (MB): peak = 1987.617 ; gain = 0.000
Wrote Device Cache: Time (s): cpu = 00:00:00 ; elapsed = 00:00:00.024 . Memory (MB): peak = 1987.617 ; gain = 0.000
Write Physdb Complete: Time (s): cpu = 00:00:00 ; elapsed = 00:00:00.108 . Memory (MB): peak = 1987.617 ; gain = 0.000
INFO: [Common 17-1381] The checkpoint 'C:/Users/exone/Documents/GitHub/Hardware-Engineering-Lab/Vivado projects/project_1_Full_Adder/project_1_Full_Adder.runs/impl_1/Full_Adder_routed.dcp' has been generated.
INFO: [Common 17-206] Exiting Vivado at Fri May 16 01:34:17 2025...

*** Running vivado
    with args -log Full_Adder.vdi -applog -m64 -product Vivado -messageDb vivado.pb -mode batch -source Full_Adder.tcl -notrace



****** Vivado v2024.2 (64-bit)
  **** SW Build 5239630 on Fri Nov 08 22:35:27 MST 2024
  **** IP Build 5239520 on Sun Nov 10 16:12:51 MST 2024
  **** SharedData Build 5239561 on Fri Nov 08 14:39:27 MST 2024
  **** Start of session at: Fri May 16 01:38:04 2025
    ** Copyright 1986-2022 Xilinx, Inc. All Rights Reserved.
    ** Copyright 2022-2024 Advanced Micro Devices, Inc. All Rights Reserved.

source Full_Adder.tcl -notrace
Command: open_checkpoint Full_Adder_routed.dcp
INFO: [Device 21-403] Loading part xc7a200tfbg676-2
Netlist sorting complete. Time (s): cpu = 00:00:00 ; elapsed = 00:00:00.001 . Memory (MB): peak = 574.625 ; gain = 0.000
INFO: [Project 1-479] Netlist was created with Vivado 2024.2
INFO: [Project 1-570] Preparing netlist for logic optimization
Read ShapeDB Complete: Time (s): cpu = 00:00:00 ; elapsed = 00:00:00.020 . Memory (MB): peak = 676.820 ; gain = 0.000
INFO: [Timing 38-478] Restoring timing data from binary archive.
INFO: [Timing 38-479] Binary timing data restore complete.
INFO: [Project 1-856] Restoring constraints from binary archive.
INFO: [Project 1-853] Binary constraint restore complete.
INFO: [Designutils 20-5722] Start Reading Physical Databases.
Reading placement.
Read Netlist Cache: Time (s): cpu = 00:00:00 ; elapsed = 00:00:00.001 . Memory (MB): peak = 1271.766 ; gain = 0.000
Reading placer database...
Read Device Cache: Time (s): cpu = 00:00:00 ; elapsed = 00:00:00.075 . Memory (MB): peak = 1271.766 ; gain = 0.000
Read PlaceDB: Time (s): cpu = 00:00:00 ; elapsed = 00:00:00.005 . Memory (MB): peak = 1271.766 ; gain = 0.000
Read PulsedLatchDB: Time (s): cpu = 00:00:00 ; elapsed = 00:00:00 . Memory (MB): peak = 1271.766 ; gain = 0.000
Reading routing.
Read RouteStorage: Time (s): cpu = 00:00:00 ; elapsed = 00:00:00.035 . Memory (MB): peak = 1271.766 ; gain = 0.000
Read Physdb Files: Time (s): cpu = 00:00:00 ; elapsed = 00:00:00.205 . Memory (MB): peak = 1271.766 ; gain = 0.000
Restored from archive | CPU: 0.000000 secs | Memory: 0.000000 MB |
Finished XDEF File Restore: Time (s): cpu = 00:00:00 ; elapsed = 00:00:00.643 . Memory (MB): peak = 1271.766 ; gain = 15.547
Netlist sorting complete. Time (s): cpu = 00:00:00 ; elapsed = 00:00:00 . Memory (MB): peak = 1271.766 ; gain = 0.000
INFO: [Project 1-111] Unisim Transformation Summary:
No Unisim elements were transformed.

INFO: [Project 1-604] Checkpoint was created with Vivado v2024.2 (64-bit) build 5239630
open_checkpoint: Time (s): cpu = 00:01:07 ; elapsed = 00:01:37 . Memory (MB): peak = 1271.766 ; gain = 988.094
Command: write_bitstream -force Full_Adder.bit
Attempting to get a license for feature 'Implementation' and/or device 'xc7a200t'
INFO: [Common 17-349] Got license for feature 'Implementation' and/or device 'xc7a200t'
Running DRC as a precondition to command write_bitstream
INFO: [IP_Flow 19-234] Refreshing IP repositories
INFO: [IP_Flow 19-1704] No user IP repositories specified
INFO: [IP_Flow 19-2313] Loaded Vivado IP repository 'C:/Xilinx/Vivado/2024.2/data/ip'.
INFO: [DRC 23-27] Running DRC with 2 threads
ERROR: [DRC NSTD-1] Unspecified I/O Standard: 5 out of 5 logical ports use I/O standard (IOSTANDARD) value 'DEFAULT', instead of a user assigned specific value. This may cause I/O contention or incompatibility with the board power or connectivity affecting performance, signal integrity or in extreme cases cause damage to the device or the components to which it is connected. To correct this violation, specify all I/O standards. This design will fail to generate a bitstream unless all logical ports have a user specified I/O standard value defined. To allow bitstream creation with unspecified I/O standard values (not recommended), use this command: set_property SEVERITY {Warning} [get_drc_checks NSTD-1].  NOTE: When using the Vivado Runs infrastructure (e.g. launch_runs Tcl command), add this command to a .tcl file and add that file as a pre-hook for write_bitstream step for the implementation run. Problem ports: A, B, Cin, Cout, and SUM.
ERROR: [DRC UCIO-1] Unconstrained Logical Port: 5 out of 5 logical ports have no user assigned specific location constraint (LOC). This may cause I/O contention or incompatibility with the board power or connectivity affecting performance, signal integrity or in extreme cases cause damage to the device or the components to which it is connected. To correct this violation, specify all pin locations. This design will fail to generate a bitstream unless all logical ports have a user specified site LOC constraint defined.  To allow bitstream creation with unspecified pin locations (not recommended), use this command: set_property SEVERITY {Warning} [get_drc_checks UCIO-1].  NOTE: When using the Vivado Runs infrastructure (e.g. launch_runs Tcl command), add this command to a .tcl file and add that file as a pre-hook for write_bitstream step for the implementation run.  Problem ports: A, B, Cin, Cout, and SUM.
INFO: [Vivado 12-3199] DRC finished with 2 Errors
INFO: [Vivado 12-3200] Please refer to the DRC report (report_drc) for more information.
ERROR: [Vivado 12-1345] Error(s) found during DRC. Bitgen not run.
INFO: [Common 17-83] Releasing license: Implementation
18 Infos, 0 Warnings, 0 Critical Warnings and 3 Errors encountered.
write_bitstream failed
write_bitstream: Time (s): cpu = 00:00:11 ; elapsed = 00:00:14 . Memory (MB): peak = 1388.578 ; gain = 116.812
ERROR: [Common 17-39] 'write_bitstream' failed due to earlier errors.

INFO: [Common 17-206] Exiting Vivado at Fri May 16 01:40:14 2025...

*** Running vivado
    with args -log Full_Adder.vdi -applog -m64 -product Vivado -messageDb vivado.pb -mode batch -source Full_Adder.tcl -notrace



****** Vivado v2024.2 (64-bit)
  **** SW Build 5239630 on Fri Nov 08 22:35:27 MST 2024
  **** IP Build 5239520 on Sun Nov 10 16:12:51 MST 2024
  **** SharedData Build 5239561 on Fri Nov 08 14:39:27 MST 2024
  **** Start of session at: Fri May 16 01:41:53 2025
    ** Copyright 1986-2022 Xilinx, Inc. All Rights Reserved.
    ** Copyright 2022-2024 Advanced Micro Devices, Inc. All Rights Reserved.

source Full_Adder.tcl -notrace
Command: open_checkpoint Full_Adder_routed.dcp
INFO: [Device 21-403] Loading part xc7a200tfbg676-2
Netlist sorting complete. Time (s): cpu = 00:00:00 ; elapsed = 00:00:00.001 . Memory (MB): peak = 574.648 ; gain = 0.000
INFO: [Project 1-479] Netlist was created with Vivado 2024.2
INFO: [Project 1-570] Preparing netlist for logic optimization
Read ShapeDB Complete: Time (s): cpu = 00:00:00 ; elapsed = 00:00:00.017 . Memory (MB): peak = 676.668 ; gain = 0.129
INFO: [Timing 38-478] Restoring timing data from binary archive.
INFO: [Timing 38-479] Binary timing data restore complete.
INFO: [Project 1-856] Restoring constraints from binary archive.
INFO: [Project 1-853] Binary constraint restore complete.
INFO: [Designutils 20-5722] Start Reading Physical Databases.
Reading placement.
Read Netlist Cache: Time (s): cpu = 00:00:00 ; elapsed = 00:00:00 . Memory (MB): peak = 1268.926 ; gain = 0.000
Reading placer database...
Read Device Cache: Time (s): cpu = 00:00:00 ; elapsed = 00:00:00.036 . Memory (MB): peak = 1268.926 ; gain = 0.000
Read PlaceDB: Time (s): cpu = 00:00:00 ; elapsed = 00:00:00.004 . Memory (MB): peak = 1268.926 ; gain = 0.000
Read PulsedLatchDB: Time (s): cpu = 00:00:00 ; elapsed = 00:00:00 . Memory (MB): peak = 1268.926 ; gain = 0.000
Reading routing.
Read RouteStorage: Time (s): cpu = 00:00:00 ; elapsed = 00:00:00.035 . Memory (MB): peak = 1268.926 ; gain = 0.000
Read Physdb Files: Time (s): cpu = 00:00:00 ; elapsed = 00:00:00.152 . Memory (MB): peak = 1268.926 ; gain = 0.000
Restored from archive | CPU: 0.000000 secs | Memory: 0.000000 MB |
Finished XDEF File Restore: Time (s): cpu = 00:00:00 ; elapsed = 00:00:00.447 . Memory (MB): peak = 1268.926 ; gain = 15.645
Netlist sorting complete. Time (s): cpu = 00:00:00 ; elapsed = 00:00:00 . Memory (MB): peak = 1268.926 ; gain = 0.000
INFO: [Project 1-111] Unisim Transformation Summary:
No Unisim elements were transformed.

INFO: [Project 1-604] Checkpoint was created with Vivado v2024.2 (64-bit) build 5239630
open_checkpoint: Time (s): cpu = 00:01:10 ; elapsed = 00:01:44 . Memory (MB): peak = 1268.926 ; gain = 985.711
Command: write_bitstream -force Full_Adder.bit
Attempting to get a license for feature 'Implementation' and/or device 'xc7a200t'
INFO: [Common 17-349] Got license for feature 'Implementation' and/or device 'xc7a200t'
Running DRC as a precondition to command write_bitstream
INFO: [IP_Flow 19-234] Refreshing IP repositories
INFO: [IP_Flow 19-1704] No user IP repositories specified
INFO: [IP_Flow 19-2313] Loaded Vivado IP repository 'C:/Xilinx/Vivado/2024.2/data/ip'.
INFO: [DRC 23-27] Running DRC with 2 threads
ERROR: [DRC NSTD-1] Unspecified I/O Standard: 5 out of 5 logical ports use I/O standard (IOSTANDARD) value 'DEFAULT', instead of a user assigned specific value. This may cause I/O contention or incompatibility with the board power or connectivity affecting performance, signal integrity or in extreme cases cause damage to the device or the components to which it is connected. To correct this violation, specify all I/O standards. This design will fail to generate a bitstream unless all logical ports have a user specified I/O standard value defined. To allow bitstream creation with unspecified I/O standard values (not recommended), use this command: set_property SEVERITY {Warning} [get_drc_checks NSTD-1].  NOTE: When using the Vivado Runs infrastructure (e.g. launch_runs Tcl command), add this command to a .tcl file and add that file as a pre-hook for write_bitstream step for the implementation run. Problem ports: A, B, Cin, Cout, and SUM.
ERROR: [DRC UCIO-1] Unconstrained Logical Port: 5 out of 5 logical ports have no user assigned specific location constraint (LOC). This may cause I/O contention or incompatibility with the board power or connectivity affecting performance, signal integrity or in extreme cases cause damage to the device or the components to which it is connected. To correct this violation, specify all pin locations. This design will fail to generate a bitstream unless all logical ports have a user specified site LOC constraint defined.  To allow bitstream creation with unspecified pin locations (not recommended), use this command: set_property SEVERITY {Warning} [get_drc_checks UCIO-1].  NOTE: When using the Vivado Runs infrastructure (e.g. launch_runs Tcl command), add this command to a .tcl file and add that file as a pre-hook for write_bitstream step for the implementation run.  Problem ports: A, B, Cin, Cout, and SUM.
INFO: [Vivado 12-3199] DRC finished with 2 Errors
INFO: [Vivado 12-3200] Please refer to the DRC report (report_drc) for more information.
ERROR: [Vivado 12-1345] Error(s) found during DRC. Bitgen not run.
INFO: [Common 17-83] Releasing license: Implementation
18 Infos, 0 Warnings, 0 Critical Warnings and 3 Errors encountered.
write_bitstream failed
write_bitstream: Time (s): cpu = 00:00:11 ; elapsed = 00:00:14 . Memory (MB): peak = 1388.605 ; gain = 119.680
ERROR: [Common 17-39] 'write_bitstream' failed due to earlier errors.

INFO: [Common 17-206] Exiting Vivado at Fri May 16 01:44:10 2025...

*** Running vivado
    with args -log Full_Adder.vdi -applog -m64 -product Vivado -messageDb vivado.pb -mode batch -source Full_Adder.tcl -notrace



****** Vivado v2024.2 (64-bit)
  **** SW Build 5239630 on Fri Nov 08 22:35:27 MST 2024
  **** IP Build 5239520 on Sun Nov 10 16:12:51 MST 2024
  **** SharedData Build 5239561 on Fri Nov 08 14:39:27 MST 2024
  **** Start of session at: Fri May 16 01:45:14 2025
    ** Copyright 1986-2022 Xilinx, Inc. All Rights Reserved.
    ** Copyright 2022-2024 Advanced Micro Devices, Inc. All Rights Reserved.

source Full_Adder.tcl -notrace
Command: open_checkpoint Full_Adder_routed.dcp
INFO: [Device 21-403] Loading part xc7a200tfbg676-2
Netlist sorting complete. Time (s): cpu = 00:00:00 ; elapsed = 00:00:00.001 . Memory (MB): peak = 575.176 ; gain = 0.000
INFO: [Project 1-479] Netlist was created with Vivado 2024.2
INFO: [Project 1-570] Preparing netlist for logic optimization
Read ShapeDB Complete: Time (s): cpu = 00:00:00 ; elapsed = 00:00:00.017 . Memory (MB): peak = 677.297 ; gain = 0.000
INFO: [Timing 38-478] Restoring timing data from binary archive.
INFO: [Timing 38-479] Binary timing data restore complete.
INFO: [Project 1-856] Restoring constraints from binary archive.
INFO: [Project 1-853] Binary constraint restore complete.
INFO: [Designutils 20-5722] Start Reading Physical Databases.
Reading placement.
Read Netlist Cache: Time (s): cpu = 00:00:00 ; elapsed = 00:00:00 . Memory (MB): peak = 1272.145 ; gain = 0.000
Reading placer database...
Read Device Cache: Time (s): cpu = 00:00:00 ; elapsed = 00:00:00.057 . Memory (MB): peak = 1272.145 ; gain = 0.000
Read PlaceDB: Time (s): cpu = 00:00:00 ; elapsed = 00:00:00.004 . Memory (MB): peak = 1272.145 ; gain = 0.000
Read PulsedLatchDB: Time (s): cpu = 00:00:00 ; elapsed = 00:00:00 . Memory (MB): peak = 1272.145 ; gain = 0.000
Reading routing.
Read RouteStorage: Time (s): cpu = 00:00:00 ; elapsed = 00:00:00.033 . Memory (MB): peak = 1272.145 ; gain = 0.000
Read Physdb Files: Time (s): cpu = 00:00:00 ; elapsed = 00:00:00.197 . Memory (MB): peak = 1272.145 ; gain = 0.000
Restored from archive | CPU: 0.000000 secs | Memory: 0.000000 MB |
Finished XDEF File Restore: Time (s): cpu = 00:00:00 ; elapsed = 00:00:00.649 . Memory (MB): peak = 1272.145 ; gain = 18.191
Netlist sorting complete. Time (s): cpu = 00:00:00 ; elapsed = 00:00:00 . Memory (MB): peak = 1272.145 ; gain = 0.000
INFO: [Project 1-111] Unisim Transformation Summary:
No Unisim elements were transformed.

INFO: [Project 1-604] Checkpoint was created with Vivado v2024.2 (64-bit) build 5239630
open_checkpoint: Time (s): cpu = 00:01:12 ; elapsed = 00:01:40 . Memory (MB): peak = 1272.145 ; gain = 989.145
Command: write_bitstream -force Full_Adder.bit
Attempting to get a license for feature 'Implementation' and/or device 'xc7a200t'
INFO: [Common 17-349] Got license for feature 'Implementation' and/or device 'xc7a200t'
Running DRC as a precondition to command write_bitstream
INFO: [IP_Flow 19-234] Refreshing IP repositories
INFO: [IP_Flow 19-1704] No user IP repositories specified
INFO: [IP_Flow 19-2313] Loaded Vivado IP repository 'C:/Xilinx/Vivado/2024.2/data/ip'.
INFO: [DRC 23-27] Running DRC with 2 threads
ERROR: [DRC NSTD-1] Unspecified I/O Standard: 5 out of 5 logical ports use I/O standard (IOSTANDARD) value 'DEFAULT', instead of a user assigned specific value. This may cause I/O contention or incompatibility with the board power or connectivity affecting performance, signal integrity or in extreme cases cause damage to the device or the components to which it is connected. To correct this violation, specify all I/O standards. This design will fail to generate a bitstream unless all logical ports have a user specified I/O standard value defined. To allow bitstream creation with unspecified I/O standard values (not recommended), use this command: set_property SEVERITY {Warning} [get_drc_checks NSTD-1].  NOTE: When using the Vivado Runs infrastructure (e.g. launch_runs Tcl command), add this command to a .tcl file and add that file as a pre-hook for write_bitstream step for the implementation run. Problem ports: A, B, Cin, Cout, and SUM.
ERROR: [DRC UCIO-1] Unconstrained Logical Port: 5 out of 5 logical ports have no user assigned specific location constraint (LOC). This may cause I/O contention or incompatibility with the board power or connectivity affecting performance, signal integrity or in extreme cases cause damage to the device or the components to which it is connected. To correct this violation, specify all pin locations. This design will fail to generate a bitstream unless all logical ports have a user specified site LOC constraint defined.  To allow bitstream creation with unspecified pin locations (not recommended), use this command: set_property SEVERITY {Warning} [get_drc_checks UCIO-1].  NOTE: When using the Vivado Runs infrastructure (e.g. launch_runs Tcl command), add this command to a .tcl file and add that file as a pre-hook for write_bitstream step for the implementation run.  Problem ports: A, B, Cin, Cout, and SUM.
INFO: [Vivado 12-3199] DRC finished with 2 Errors
INFO: [Vivado 12-3200] Please refer to the DRC report (report_drc) for more information.
ERROR: [Vivado 12-1345] Error(s) found during DRC. Bitgen not run.
INFO: [Common 17-83] Releasing license: Implementation
18 Infos, 0 Warnings, 0 Critical Warnings and 3 Errors encountered.
write_bitstream failed
write_bitstream: Time (s): cpu = 00:00:09 ; elapsed = 00:00:12 . Memory (MB): peak = 1389.277 ; gain = 117.133
ERROR: [Common 17-39] 'write_bitstream' failed due to earlier errors.

INFO: [Common 17-206] Exiting Vivado at Fri May 16 01:47:24 2025...
