Copyright 1986-2022 Xilinx, Inc. All Rights Reserved. Copyright 2022-2024 Advanced Micro Devices, Inc. All Rights Reserved.
---------------------------------------------------------------------------------------------------------------------------------------------------------------------------------------------------------------------------------------------------------------------
| Tool Version : Vivado v.2024.2 (win64) Build 5239630 Fri Nov 08 22:35:27 MST 2024
| Date         : Wed Jun  4 23:05:43 2025
| Host         : DESKTOP-JG7TAHL running 64-bit major release  (build 9200)
| Command      : report_timing_summary -max_paths 10 -report_unconstrained -file BCD_TO_7_segment_Decoder_timing_summary_routed.rpt -pb BCD_TO_7_segment_Decoder_timing_summary_routed.pb -rpx BCD_TO_7_segment_Decoder_timing_summary_routed.rpx -warn_on_violation
| Design       : BCD_TO_7_segment_Decoder
| Device       : 7a100t-csg324
| Speed File   : -1  PRODUCTION 1.23 2018-06-13
| Design State : Routed
---------------------------------------------------------------------------------------------------------------------------------------------------------------------------------------------------------------------------------------------------------------------

Timing Summary Report

------------------------------------------------------------------------------------------------
| Timer Settings
| --------------
------------------------------------------------------------------------------------------------

  Enable Multi Corner Analysis               :  Yes
  Enable Pessimism Removal                   :  Yes
  Pessimism Removal Resolution               :  Nearest Common Node
  Enable Input Delay Default Clock           :  No
  Enable Preset / Clear Arcs                 :  No
  Disable Flight Delays                      :  No
  Ignore I/O Paths                           :  No
  Timing Early Launch at Borrowing Latches   :  No
  Borrow Time for Max Delay Exceptions       :  Yes
  Merge Timing Exceptions                    :  Yes
  Inter-SLR Compensation                     :  Conservative

  Corner  Analyze    Analyze    
  Name    Max Paths  Min Paths  
  ------  ---------  ---------  
  Slow    Yes        Yes        
  Fast    Yes        Yes        


------------------------------------------------------------------------------------------------
| Report Methodology
| ------------------
------------------------------------------------------------------------------------------------

No report available as report_methodology has not been run prior. Run report_methodology on the current design for the summary of methodology violations.



check_timing report

Table of Contents
-----------------
1. checking no_clock (0)
2. checking constant_clock (0)
3. checking pulse_width_clock (0)
4. checking unconstrained_internal_endpoints (0)
5. checking no_input_delay (0)
6. checking no_output_delay (0)
7. checking multiple_clock (0)
8. checking generated_clocks (0)
9. checking loops (0)
10. checking partial_input_delay (0)
11. checking partial_output_delay (0)
12. checking latch_loops (0)

1. checking no_clock (0)
------------------------
 There are 0 register/latch pins with no clock.


2. checking constant_clock (0)
------------------------------
 There are 0 register/latch pins with constant_clock.


3. checking pulse_width_clock (0)
---------------------------------
 There are 0 register/latch pins which need pulse_width check


4. checking unconstrained_internal_endpoints (0)
------------------------------------------------
 There are 0 pins that are not constrained for maximum delay.

 There are 0 pins that are not constrained for maximum delay due to constant clock.


5. checking no_input_delay (0)
------------------------------
 There are 0 input ports with no input delay specified.

 There are 0 input ports with no input delay but user has a false path constraint.


6. checking no_output_delay (0)
-------------------------------
 There are 0 ports with no output delay specified.

 There are 0 ports with no output delay but user has a false path constraint

 There are 0 ports with no output delay but with a timing clock defined on it or propagating through it


7. checking multiple_clock (0)
------------------------------
 There are 0 register/latch pins with multiple clocks.


8. checking generated_clocks (0)
--------------------------------
 There are 0 generated clocks that are not connected to a clock source.


9. checking loops (0)
---------------------
 There are 0 combinational loops in the design.


10. checking partial_input_delay (0)
------------------------------------
 There are 0 input ports with partial input delay specified.


11. checking partial_output_delay (0)
-------------------------------------
 There are 0 ports with partial output delay specified.


12. checking latch_loops (0)
----------------------------
 There are 0 combinational latch loops in the design through latch input



------------------------------------------------------------------------------------------------
| Design Timing Summary
| ---------------------
------------------------------------------------------------------------------------------------

    WNS(ns)      TNS(ns)  TNS Failing Endpoints  TNS Total Endpoints      WHS(ns)      THS(ns)  THS Failing Endpoints  THS Total Endpoints     WPWS(ns)     TPWS(ns)  TPWS Failing Endpoints  TPWS Total Endpoints  
    -------      -------  ---------------------  -------------------      -------      -------  ---------------------  -------------------     --------     --------  ----------------------  --------------------  
        inf        0.000                      0                    7          inf        0.000                      0                    7           NA           NA                      NA                    NA  


There are no user specified timing constraints.


------------------------------------------------------------------------------------------------
| Clock Summary
| -------------
------------------------------------------------------------------------------------------------


------------------------------------------------------------------------------------------------
| Intra Clock Table
| -----------------
------------------------------------------------------------------------------------------------

Clock             WNS(ns)      TNS(ns)  TNS Failing Endpoints  TNS Total Endpoints      WHS(ns)      THS(ns)  THS Failing Endpoints  THS Total Endpoints     WPWS(ns)     TPWS(ns)  TPWS Failing Endpoints  TPWS Total Endpoints  
-----             -------      -------  ---------------------  -------------------      -------      -------  ---------------------  -------------------     --------     --------  ----------------------  --------------------  


------------------------------------------------------------------------------------------------
| Inter Clock Table
| -----------------
------------------------------------------------------------------------------------------------

From Clock    To Clock          WNS(ns)      TNS(ns)  TNS Failing Endpoints  TNS Total Endpoints      WHS(ns)      THS(ns)  THS Failing Endpoints  THS Total Endpoints  
----------    --------          -------      -------  ---------------------  -------------------      -------      -------  ---------------------  -------------------  


------------------------------------------------------------------------------------------------
| Other Path Groups Table
| -----------------------
------------------------------------------------------------------------------------------------

Path Group    From Clock    To Clock          WNS(ns)      TNS(ns)  TNS Failing Endpoints  TNS Total Endpoints      WHS(ns)      THS(ns)  THS Failing Endpoints  THS Total Endpoints  
----------    ----------    --------          -------      -------  ---------------------  -------------------      -------      -------  ---------------------  -------------------  


------------------------------------------------------------------------------------------------
| User Ignored Path Table
| -----------------------
------------------------------------------------------------------------------------------------

Path Group    From Clock    To Clock    
----------    ----------    --------    


------------------------------------------------------------------------------------------------
| Unconstrained Path Table
| ------------------------
------------------------------------------------------------------------------------------------

Path Group    From Clock    To Clock    
----------    ----------    --------    
(none)                                    


------------------------------------------------------------------------------------------------
| Timing Details
| --------------
------------------------------------------------------------------------------------------------


--------------------------------------------------------------------------------------
Path Group:  (none)
From Clock:  
  To Clock:  

Max Delay             7 Endpoints
Min Delay             7 Endpoints
--------------------------------------------------------------------------------------


Max Delay Paths
--------------------------------------------------------------------------------------
Slack:                    inf
  Source:                 ABCD[0]
                            (input port)
  Destination:            OUTPUT[6]
                            (output port)
  Path Group:             (none)
  Path Type:              Max at Slow Process Corner
  Data Path Delay:        10.206ns  (logic 5.412ns (53.024%)  route 4.794ns (46.976%))
  Logic Levels:           3  (IBUF=1 LUT4=1 OBUF=1)

    Location             Delay type                Incr(ns)  Path(ns)    Netlist Resource(s)
  -------------------------------------------------------------------    -------------------
    J15                                               0.000     0.000 r  ABCD[0] (IN)
                         net (fo=0)                   0.000     0.000    ABCD[0]
    J15                  IBUF (Prop_ibuf_I_O)         1.478     1.478 r  ABCD_IBUF[0]_inst/O
                         net (fo=7, routed)           2.003     3.480    ABCD_IBUF[0]
    SLICE_X0Y87          LUT4 (Prop_lut4_I1_O)        0.154     3.634 r  OUTPUT_OBUF[6]_inst_i_1/O
                         net (fo=1, routed)           2.792     6.426    OUTPUT_OBUF[6]
    T10                  OBUF (Prop_obuf_I_O)         3.780    10.206 r  OUTPUT_OBUF[6]_inst/O
                         net (fo=0)                   0.000    10.206    OUTPUT[6]
    T10                                                               r  OUTPUT[6] (OUT)
  -------------------------------------------------------------------    -------------------

Slack:                    inf
  Source:                 ABCD[0]
                            (input port)
  Destination:            OUTPUT[5]
                            (output port)
  Path Group:             (none)
  Path Type:              Max at Slow Process Corner
  Data Path Delay:        10.094ns  (logic 5.157ns (51.090%)  route 4.937ns (48.910%))
  Logic Levels:           3  (IBUF=1 LUT4=1 OBUF=1)

    Location             Delay type                Incr(ns)  Path(ns)    Netlist Resource(s)
  -------------------------------------------------------------------    -------------------
    J15                                               0.000     0.000 r  ABCD[0] (IN)
                         net (fo=0)                   0.000     0.000    ABCD[0]
    J15                  IBUF (Prop_ibuf_I_O)         1.478     1.478 r  ABCD_IBUF[0]_inst/O
                         net (fo=7, routed)           2.003     3.480    ABCD_IBUF[0]
    SLICE_X0Y87          LUT4 (Prop_lut4_I1_O)        0.124     3.604 r  OUTPUT_OBUF[5]_inst_i_1/O
                         net (fo=1, routed)           2.934     6.539    OUTPUT_OBUF[5]
    R10                  OBUF (Prop_obuf_I_O)         3.555    10.094 r  OUTPUT_OBUF[5]_inst/O
                         net (fo=0)                   0.000    10.094    OUTPUT[5]
    R10                                                               r  OUTPUT[5] (OUT)
  -------------------------------------------------------------------    -------------------

Slack:                    inf
  Source:                 ABCD[3]
                            (input port)
  Destination:            OUTPUT[3]
                            (output port)
  Path Group:             (none)
  Path Type:              Max at Slow Process Corner
  Data Path Delay:        10.066ns  (logic 5.381ns (53.462%)  route 4.684ns (46.538%))
  Logic Levels:           3  (IBUF=1 LUT4=1 OBUF=1)

    Location             Delay type                Incr(ns)  Path(ns)    Netlist Resource(s)
  -------------------------------------------------------------------    -------------------
    R15                                               0.000     0.000 f  ABCD[3] (IN)
                         net (fo=0)                   0.000     0.000    ABCD[3]
    R15                  IBUF (Prop_ibuf_I_O)         1.477     1.477 f  ABCD_IBUF[3]_inst/O
                         net (fo=7, routed)           2.161     3.638    ABCD_IBUF[3]
    SLICE_X0Y87          LUT4 (Prop_lut4_I3_O)        0.152     3.790 r  OUTPUT_OBUF[3]_inst_i_1/O
                         net (fo=1, routed)           2.523     6.314    OUTPUT_OBUF[3]
    K13                  OBUF (Prop_obuf_I_O)         3.752    10.066 r  OUTPUT_OBUF[3]_inst/O
                         net (fo=0)                   0.000    10.066    OUTPUT[3]
    K13                                                               r  OUTPUT[3] (OUT)
  -------------------------------------------------------------------    -------------------

Slack:                    inf
  Source:                 ABCD[3]
                            (input port)
  Destination:            OUTPUT[1]
                            (output port)
  Path Group:             (none)
  Path Type:              Max at Slow Process Corner
  Data Path Delay:        10.004ns  (logic 5.162ns (51.600%)  route 4.842ns (48.400%))
  Logic Levels:           3  (IBUF=1 LUT4=1 OBUF=1)

    Location             Delay type                Incr(ns)  Path(ns)    Netlist Resource(s)
  -------------------------------------------------------------------    -------------------
    R15                                               0.000     0.000 f  ABCD[3] (IN)
                         net (fo=0)                   0.000     0.000    ABCD[3]
    R15                  IBUF (Prop_ibuf_I_O)         1.477     1.477 f  ABCD_IBUF[3]_inst/O
                         net (fo=7, routed)           2.161     3.638    ABCD_IBUF[3]
    SLICE_X0Y87          LUT4 (Prop_lut4_I3_O)        0.124     3.762 r  OUTPUT_OBUF[1]_inst_i_1/O
                         net (fo=1, routed)           2.681     6.443    OUTPUT_OBUF[1]
    T11                  OBUF (Prop_obuf_I_O)         3.561    10.004 r  OUTPUT_OBUF[1]_inst/O
                         net (fo=0)                   0.000    10.004    OUTPUT[1]
    T11                                                               r  OUTPUT[1] (OUT)
  -------------------------------------------------------------------    -------------------

Slack:                    inf
  Source:                 ABCD[3]
                            (input port)
  Destination:            OUTPUT[2]
                            (output port)
  Path Group:             (none)
  Path Type:              Max at Slow Process Corner
  Data Path Delay:        9.423ns  (logic 5.135ns (54.489%)  route 4.289ns (45.511%))
  Logic Levels:           3  (IBUF=1 LUT4=1 OBUF=1)

    Location             Delay type                Incr(ns)  Path(ns)    Netlist Resource(s)
  -------------------------------------------------------------------    -------------------
    R15                                               0.000     0.000 f  ABCD[3] (IN)
                         net (fo=0)                   0.000     0.000    ABCD[3]
    R15                  IBUF (Prop_ibuf_I_O)         1.477     1.477 f  ABCD_IBUF[3]_inst/O
                         net (fo=7, routed)           2.154     3.631    ABCD_IBUF[3]
    SLICE_X0Y87          LUT4 (Prop_lut4_I0_O)        0.124     3.755 r  OUTPUT_OBUF[2]_inst_i_1/O
                         net (fo=1, routed)           2.135     5.890    OUTPUT_OBUF[2]
    P15                  OBUF (Prop_obuf_I_O)         3.534     9.423 r  OUTPUT_OBUF[2]_inst/O
                         net (fo=0)                   0.000     9.423    OUTPUT[2]
    P15                                                               r  OUTPUT[2] (OUT)
  -------------------------------------------------------------------    -------------------

Slack:                    inf
  Source:                 ABCD[3]
                            (input port)
  Destination:            OUTPUT[0]
                            (output port)
  Path Group:             (none)
  Path Type:              Max at Slow Process Corner
  Data Path Delay:        9.391ns  (logic 5.374ns (57.227%)  route 4.017ns (42.773%))
  Logic Levels:           3  (IBUF=1 LUT4=1 OBUF=1)

    Location             Delay type                Incr(ns)  Path(ns)    Netlist Resource(s)
  -------------------------------------------------------------------    -------------------
    R15                                               0.000     0.000 f  ABCD[3] (IN)
                         net (fo=0)                   0.000     0.000    ABCD[3]
    R15                  IBUF (Prop_ibuf_I_O)         1.477     1.477 f  ABCD_IBUF[3]_inst/O
                         net (fo=7, routed)           2.154     3.631    ABCD_IBUF[3]
    SLICE_X0Y87          LUT4 (Prop_lut4_I3_O)        0.152     3.783 r  OUTPUT_OBUF[0]_inst_i_1/O
                         net (fo=1, routed)           1.863     5.646    OUTPUT_OBUF[0]
    L18                  OBUF (Prop_obuf_I_O)         3.745     9.391 r  OUTPUT_OBUF[0]_inst/O
                         net (fo=0)                   0.000     9.391    OUTPUT[0]
    L18                                                               r  OUTPUT[0] (OUT)
  -------------------------------------------------------------------    -------------------

Slack:                    inf
  Source:                 ABCD[3]
                            (input port)
  Destination:            OUTPUT[4]
                            (output port)
  Path Group:             (none)
  Path Type:              Max at Slow Process Corner
  Data Path Delay:        9.106ns  (logic 5.094ns (55.946%)  route 4.011ns (44.054%))
  Logic Levels:           3  (IBUF=1 LUT4=1 OBUF=1)

    Location             Delay type                Incr(ns)  Path(ns)    Netlist Resource(s)
  -------------------------------------------------------------------    -------------------
    R15                                               0.000     0.000 f  ABCD[3] (IN)
                         net (fo=0)                   0.000     0.000    ABCD[3]
    R15                  IBUF (Prop_ibuf_I_O)         1.477     1.477 f  ABCD_IBUF[3]_inst/O
                         net (fo=7, routed)           1.944     3.421    ABCD_IBUF[3]
    SLICE_X0Y87          LUT4 (Prop_lut4_I3_O)        0.124     3.545 r  OUTPUT_OBUF[4]_inst_i_1/O
                         net (fo=1, routed)           2.067     5.612    OUTPUT_OBUF[4]
    K16                  OBUF (Prop_obuf_I_O)         3.493     9.106 r  OUTPUT_OBUF[4]_inst/O
                         net (fo=0)                   0.000     9.106    OUTPUT[4]
    K16                                                               r  OUTPUT[4] (OUT)
  -------------------------------------------------------------------    -------------------





Min Delay Paths
--------------------------------------------------------------------------------------
Slack:                    inf
  Source:                 ABCD[2]
                            (input port)
  Destination:            OUTPUT[0]
                            (output port)
  Path Group:             (none)
  Path Type:              Min at Fast Process Corner
  Data Path Delay:        2.399ns  (logic 1.607ns (66.992%)  route 0.792ns (33.008%))
  Logic Levels:           3  (IBUF=1 LUT4=1 OBUF=1)

    Location             Delay type                Incr(ns)  Path(ns)    Netlist Resource(s)
  -------------------------------------------------------------------    -------------------
    M13                                               0.000     0.000 r  ABCD[2] (IN)
                         net (fo=0)                   0.000     0.000    ABCD[2]
    M13                  IBUF (Prop_ibuf_I_O)         0.253     0.253 r  ABCD_IBUF[2]_inst/O
                         net (fo=7, routed)           0.374     0.627    ABCD_IBUF[2]
    SLICE_X0Y87          LUT4 (Prop_lut4_I1_O)        0.049     0.676 r  OUTPUT_OBUF[0]_inst_i_1/O
                         net (fo=1, routed)           0.418     1.094    OUTPUT_OBUF[0]
    L18                  OBUF (Prop_obuf_I_O)         1.305     2.399 r  OUTPUT_OBUF[0]_inst/O
                         net (fo=0)                   0.000     2.399    OUTPUT[0]
    L18                                                               r  OUTPUT[0] (OUT)
  -------------------------------------------------------------------    -------------------

Slack:                    inf
  Source:                 ABCD[2]
                            (input port)
  Destination:            OUTPUT[2]
                            (output port)
  Path Group:             (none)
  Path Type:              Min at Fast Process Corner
  Data Path Delay:        2.457ns  (logic 1.532ns (62.369%)  route 0.925ns (37.631%))
  Logic Levels:           3  (IBUF=1 LUT4=1 OBUF=1)

    Location             Delay type                Incr(ns)  Path(ns)    Netlist Resource(s)
  -------------------------------------------------------------------    -------------------
    M13                                               0.000     0.000 r  ABCD[2] (IN)
                         net (fo=0)                   0.000     0.000    ABCD[2]
    M13                  IBUF (Prop_ibuf_I_O)         0.253     0.253 r  ABCD_IBUF[2]_inst/O
                         net (fo=7, routed)           0.374     0.627    ABCD_IBUF[2]
    SLICE_X0Y87          LUT4 (Prop_lut4_I2_O)        0.045     0.672 r  OUTPUT_OBUF[2]_inst_i_1/O
                         net (fo=1, routed)           0.551     1.222    OUTPUT_OBUF[2]
    P15                  OBUF (Prop_obuf_I_O)         1.234     2.457 r  OUTPUT_OBUF[2]_inst/O
                         net (fo=0)                   0.000     2.457    OUTPUT[2]
    P15                                                               r  OUTPUT[2] (OUT)
  -------------------------------------------------------------------    -------------------

Slack:                    inf
  Source:                 ABCD[2]
                            (input port)
  Destination:            OUTPUT[4]
                            (output port)
  Path Group:             (none)
  Path Type:              Min at Fast Process Corner
  Data Path Delay:        2.493ns  (logic 1.492ns (59.868%)  route 1.000ns (40.132%))
  Logic Levels:           3  (IBUF=1 LUT4=1 OBUF=1)

    Location             Delay type                Incr(ns)  Path(ns)    Netlist Resource(s)
  -------------------------------------------------------------------    -------------------
    M13                                               0.000     0.000 f  ABCD[2] (IN)
                         net (fo=0)                   0.000     0.000    ABCD[2]
    M13                  IBUF (Prop_ibuf_I_O)         0.253     0.253 f  ABCD_IBUF[2]_inst/O
                         net (fo=7, routed)           0.499     0.752    ABCD_IBUF[2]
    SLICE_X0Y87          LUT4 (Prop_lut4_I0_O)        0.045     0.797 r  OUTPUT_OBUF[4]_inst_i_1/O
                         net (fo=1, routed)           0.501     1.298    OUTPUT_OBUF[4]
    K16                  OBUF (Prop_obuf_I_O)         1.194     2.493 r  OUTPUT_OBUF[4]_inst/O
                         net (fo=0)                   0.000     2.493    OUTPUT[4]
    K16                                                               r  OUTPUT[4] (OUT)
  -------------------------------------------------------------------    -------------------

Slack:                    inf
  Source:                 ABCD[2]
                            (input port)
  Destination:            OUTPUT[3]
                            (output port)
  Path Group:             (none)
  Path Type:              Min at Fast Process Corner
  Data Path Delay:        2.690ns  (logic 1.614ns (59.997%)  route 1.076ns (40.003%))
  Logic Levels:           3  (IBUF=1 LUT4=1 OBUF=1)

    Location             Delay type                Incr(ns)  Path(ns)    Netlist Resource(s)
  -------------------------------------------------------------------    -------------------
    M13                                               0.000     0.000 r  ABCD[2] (IN)
                         net (fo=0)                   0.000     0.000    ABCD[2]
    M13                  IBUF (Prop_ibuf_I_O)         0.253     0.253 r  ABCD_IBUF[2]_inst/O
                         net (fo=7, routed)           0.373     0.626    ABCD_IBUF[2]
    SLICE_X0Y87          LUT4 (Prop_lut4_I2_O)        0.048     0.674 r  OUTPUT_OBUF[3]_inst_i_1/O
                         net (fo=1, routed)           0.703     1.377    OUTPUT_OBUF[3]
    K13                  OBUF (Prop_obuf_I_O)         1.313     2.690 r  OUTPUT_OBUF[3]_inst/O
                         net (fo=0)                   0.000     2.690    OUTPUT[3]
    K13                                                               r  OUTPUT[3] (OUT)
  -------------------------------------------------------------------    -------------------

Slack:                    inf
  Source:                 ABCD[2]
                            (input port)
  Destination:            OUTPUT[1]
                            (output port)
  Path Group:             (none)
  Path Type:              Min at Fast Process Corner
  Data Path Delay:        2.697ns  (logic 1.559ns (57.823%)  route 1.137ns (42.177%))
  Logic Levels:           3  (IBUF=1 LUT4=1 OBUF=1)

    Location             Delay type                Incr(ns)  Path(ns)    Netlist Resource(s)
  -------------------------------------------------------------------    -------------------
    M13                                               0.000     0.000 f  ABCD[2] (IN)
                         net (fo=0)                   0.000     0.000    ABCD[2]
    M13                  IBUF (Prop_ibuf_I_O)         0.253     0.253 f  ABCD_IBUF[2]_inst/O
                         net (fo=7, routed)           0.373     0.626    ABCD_IBUF[2]
    SLICE_X0Y87          LUT4 (Prop_lut4_I2_O)        0.045     0.671 r  OUTPUT_OBUF[1]_inst_i_1/O
                         net (fo=1, routed)           0.765     1.435    OUTPUT_OBUF[1]
    T11                  OBUF (Prop_obuf_I_O)         1.261     2.697 r  OUTPUT_OBUF[1]_inst/O
                         net (fo=0)                   0.000     2.697    OUTPUT[1]
    T11                                                               r  OUTPUT[1] (OUT)
  -------------------------------------------------------------------    -------------------

Slack:                    inf
  Source:                 ABCD[2]
                            (input port)
  Destination:            OUTPUT[5]
                            (output port)
  Path Group:             (none)
  Path Type:              Min at Fast Process Corner
  Data Path Delay:        2.933ns  (logic 1.554ns (52.981%)  route 1.379ns (47.019%))
  Logic Levels:           3  (IBUF=1 LUT4=1 OBUF=1)

    Location             Delay type                Incr(ns)  Path(ns)    Netlist Resource(s)
  -------------------------------------------------------------------    -------------------
    M13                                               0.000     0.000 r  ABCD[2] (IN)
                         net (fo=0)                   0.000     0.000    ABCD[2]
    M13                  IBUF (Prop_ibuf_I_O)         0.253     0.253 r  ABCD_IBUF[2]_inst/O
                         net (fo=7, routed)           0.502     0.755    ABCD_IBUF[2]
    SLICE_X0Y87          LUT4 (Prop_lut4_I2_O)        0.045     0.800 r  OUTPUT_OBUF[5]_inst_i_1/O
                         net (fo=1, routed)           0.877     1.677    OUTPUT_OBUF[5]
    R10                  OBUF (Prop_obuf_I_O)         1.256     2.933 r  OUTPUT_OBUF[5]_inst/O
                         net (fo=0)                   0.000     2.933    OUTPUT[5]
    R10                                                               r  OUTPUT[5] (OUT)
  -------------------------------------------------------------------    -------------------

Slack:                    inf
  Source:                 ABCD[2]
                            (input port)
  Destination:            OUTPUT[6]
                            (output port)
  Path Group:             (none)
  Path Type:              Min at Fast Process Corner
  Data Path Delay:        2.972ns  (logic 1.639ns (55.165%)  route 1.332ns (44.835%))
  Logic Levels:           3  (IBUF=1 LUT4=1 OBUF=1)

    Location             Delay type                Incr(ns)  Path(ns)    Netlist Resource(s)
  -------------------------------------------------------------------    -------------------
    M13                                               0.000     0.000 r  ABCD[2] (IN)
                         net (fo=0)                   0.000     0.000    ABCD[2]
    M13                  IBUF (Prop_ibuf_I_O)         0.253     0.253 r  ABCD_IBUF[2]_inst/O
                         net (fo=7, routed)           0.502     0.755    ABCD_IBUF[2]
    SLICE_X0Y87          LUT4 (Prop_lut4_I2_O)        0.044     0.799 r  OUTPUT_OBUF[6]_inst_i_1/O
                         net (fo=1, routed)           0.831     1.629    OUTPUT_OBUF[6]
    T10                  OBUF (Prop_obuf_I_O)         1.342     2.972 r  OUTPUT_OBUF[6]_inst/O
                         net (fo=0)                   0.000     2.972    OUTPUT[6]
    T10                                                               r  OUTPUT[6] (OUT)
  -------------------------------------------------------------------    -------------------





